Component: ARM Compiler 6.15 Tool: armlink [5dd79300]

==============================================================================

Section Cross References

    main.o(.text.main) refers to config.o(.text.config) for config
    main.o(.ARM.exidx.text.main) refers to main.o(.text.main) for [Anonymous Symbol]
    i2c.o(.ARM.exidx.text.configI2c) refers to i2c.o(.text.configI2c) for [Anonymous Symbol]
    i2c.o(.ARM.exidx.text.startI2c) refers to i2c.o(.text.startI2c) for [Anonymous Symbol]
    i2c.o(.ARM.exidx.text.writeI2c) refers to i2c.o(.text.writeI2c) for [Anonymous Symbol]
    i2c.o(.ARM.exidx.text.addressI2c) refers to i2c.o(.text.addressI2c) for [Anonymous Symbol]
    i2c.o(.ARM.exidx.text.stopI2c) refers to i2c.o(.text.stopI2c) for [Anonymous Symbol]
    i2c.o(.ARM.exidx.text.writeMutiI2c) refers to i2c.o(.text.writeMutiI2c) for [Anonymous Symbol]
    i2c.o(.ARM.exidx.text.readI2c) refers to i2c.o(.text.readI2c) for [Anonymous Symbol]
    mpu_6050.o(.text.configMpu) refers to mpu_6050.o(.text.mpuRead) for mpuRead
    mpu_6050.o(.text.configMpu) refers to mpu_6050.o(.text.mpuWrite) for mpuWrite
    mpu_6050.o(.ARM.exidx.text.configMpu) refers to mpu_6050.o(.text.configMpu) for [Anonymous Symbol]
    mpu_6050.o(.text.mpuRead) refers to i2c.o(.text.startI2c) for startI2c
    mpu_6050.o(.text.mpuRead) refers to i2c.o(.text.addressI2c) for addressI2c
    mpu_6050.o(.text.mpuRead) refers to i2c.o(.text.writeI2c) for writeI2c
    mpu_6050.o(.text.mpuRead) refers to i2c.o(.text.readI2c) for readI2c
    mpu_6050.o(.text.mpuRead) refers to i2c.o(.text.stopI2c) for stopI2c
    mpu_6050.o(.ARM.exidx.text.mpuRead) refers to mpu_6050.o(.text.mpuRead) for [Anonymous Symbol]
    mpu_6050.o(.text.mpuWrite) refers to i2c.o(.text.startI2c) for startI2c
    mpu_6050.o(.text.mpuWrite) refers to i2c.o(.text.addressI2c) for addressI2c
    mpu_6050.o(.text.mpuWrite) refers to i2c.o(.text.writeI2c) for writeI2c
    mpu_6050.o(.text.mpuWrite) refers to i2c.o(.text.stopI2c) for stopI2c
    mpu_6050.o(.ARM.exidx.text.mpuWrite) refers to mpu_6050.o(.text.mpuWrite) for [Anonymous Symbol]
    mpu_6050.o(.text.mpuReadAccel) refers to mpu_6050.o(.text.mpuRead) for mpuRead
    mpu_6050.o(.text.mpuReadAccel) refers to mpu_6050.o(.bss.Accel_X_RAW) for Accel_X_RAW
    mpu_6050.o(.text.mpuReadAccel) refers to mpu_6050.o(.bss.Accel_Y_RAW) for Accel_Y_RAW
    mpu_6050.o(.text.mpuReadAccel) refers to mpu_6050.o(.bss.Accel_Z_RAW) for Accel_Z_RAW
    mpu_6050.o(.text.mpuReadAccel) refers to dflt_clz.o(x$fpl$dflt) for __aeabi_i2d
    mpu_6050.o(.text.mpuReadAccel) refers to dmul.o(x$fpl$dmul) for __aeabi_dmul
    mpu_6050.o(.text.mpuReadAccel) refers to d2f.o(x$fpl$d2f) for __aeabi_d2f
    mpu_6050.o(.text.mpuReadAccel) refers to main.o(.bss.Ax) for Ax
    mpu_6050.o(.text.mpuReadAccel) refers to main.o(.bss.Ay) for Ay
    mpu_6050.o(.text.mpuReadAccel) refers to main.o(.bss.Az) for Az
    mpu_6050.o(.ARM.exidx.text.mpuReadAccel) refers to mpu_6050.o(.text.mpuReadAccel) for [Anonymous Symbol]
    mpu_6050.o(.text.mpuReadGyro) refers to mpu_6050.o(.text.mpuRead) for mpuRead
    mpu_6050.o(.text.mpuReadGyro) refers to mpu_6050.o(.bss.Gyro_X_RAW) for Gyro_X_RAW
    mpu_6050.o(.text.mpuReadGyro) refers to mpu_6050.o(.bss.Gyro_Y_RAW) for Gyro_Y_RAW
    mpu_6050.o(.text.mpuReadGyro) refers to mpu_6050.o(.bss.Gyro_Z_RAW) for Gyro_Z_RAW
    mpu_6050.o(.text.mpuReadGyro) refers to dflt_clz.o(x$fpl$dflt) for __aeabi_i2d
    mpu_6050.o(.text.mpuReadGyro) refers to ddiv.o(x$fpl$ddiv) for __aeabi_ddiv
    mpu_6050.o(.text.mpuReadGyro) refers to d2f.o(x$fpl$d2f) for __aeabi_d2f
    mpu_6050.o(.text.mpuReadGyro) refers to main.o(.bss.Gx) for Gx
    mpu_6050.o(.text.mpuReadGyro) refers to main.o(.bss.Gy) for Gy
    mpu_6050.o(.text.mpuReadGyro) refers to main.o(.bss.Gz) for Gz
    mpu_6050.o(.ARM.exidx.text.mpuReadGyro) refers to mpu_6050.o(.text.mpuReadGyro) for [Anonymous Symbol]
    mpu_6050.o(.text.getAntiDriffCoefficient) refers to mpu_6050.o(.bss.Gyro_Z_RAW) for Gyro_Z_RAW
    mpu_6050.o(.text.getAntiDriffCoefficient) refers to mpu_6050.o(.text.mpuReadGyro) for mpuReadGyro
    mpu_6050.o(.text.getAntiDriffCoefficient) refers to timer.o(.text.delayMs) for delayMs
    mpu_6050.o(.text.getAntiDriffCoefficient) refers to mpu_6050.o(.bss.Gyro_X_RAW) for Gyro_X_RAW
    mpu_6050.o(.text.getAntiDriffCoefficient) refers to mpu_6050.o(.bss.Gyro_Y_RAW) for Gyro_Y_RAW
    mpu_6050.o(.text.getAntiDriffCoefficient) refers to dflt_clz.o(x$fpl$dflt) for __aeabi_i2d
    mpu_6050.o(.text.getAntiDriffCoefficient) refers to dflt_clz.o(x$fpl$dfltu) for __aeabi_ui2d
    mpu_6050.o(.text.getAntiDriffCoefficient) refers to ddiv.o(x$fpl$ddiv) for __aeabi_ddiv
    mpu_6050.o(.text.getAntiDriffCoefficient) refers to d2f.o(x$fpl$d2f) for __aeabi_d2f
    mpu_6050.o(.ARM.exidx.text.getAntiDriffCoefficient) refers to mpu_6050.o(.text.getAntiDriffCoefficient) for [Anonymous Symbol]
    mpu_6050.o(.text.initMPU) refers to flash.o(.text.Flash_Erase) for Flash_Erase
[...]
    interrupt.o(.text.TIM1_UP_IRQHandler) refers to main.o(.bss.zAngle) for zAngle
    interrupt.o(.ARM.exidx.text.TIM1_UP_IRQHandler) refers to interrupt.o(.text.TIM1_UP_IRQHandler) for [Anonymous Symbol]
    interrupt.o(.text.USART1_IRQHandler) refers to interrupt.o(.bss.tx) for tx
    interrupt.o(.text.USART1_IRQHandler) refers to main.o(.bss.zAngle) for zAngle
    interrupt.o(.text.USART1_IRQHandler) refers to interrupt.o(.bss.rx_buff) for rx_buff
    interrupt.o(.text.USART1_IRQHandler) refers to interrupt.o(.bss.i) for i
    interrupt.o(.ARM.exidx.text.USART1_IRQHandler) refers to interrupt.o(.text.USART1_IRQHandler) for [Anonymous Symbol]
    nvic.o(.text.configNVIC) refers to nvic.o(.text.__NVIC_SetPriorityGrouping) for __NVIC_SetPriorityGrouping
    nvic.o(.text.configNVIC) refers to nvic.o(.text.__NVIC_SetPriority) for __NVIC_SetPriority
    nvic.o(.text.configNVIC) refers to nvic.o(.text.__NVIC_EnableIRQ) for __NVIC_EnableIRQ
    nvic.o(.ARM.exidx.text.configNVIC) refers to nvic.o(.text.configNVIC) for [Anonymous Symbol]
    nvic.o(.ARM.exidx.text.__NVIC_SetPriorityGrouping) refers to nvic.o(.text.__NVIC_SetPriorityGrouping) for [Anonymous Symbol]
    nvic.o(.ARM.exidx.text.__NVIC_SetPriority) refers to nvic.o(.text.__NVIC_SetPriority) for [Anonymous Symbol]
    nvic.o(.ARM.exidx.text.__NVIC_EnableIRQ) refers to nvic.o(.text.__NVIC_EnableIRQ) for [Anonymous Symbol]
    flash.o(.ARM.exidx.text.configFlash) refers to flash.o(.text.configFlash) for [Anonymous Symbol]
    flash.o(.text.deleteBuffer) refers to strlen.o(.text) for strlen
    flash.o(.ARM.exidx.text.deleteBuffer) refers to flash.o(.text.deleteBuffer) for [Anonymous Symbol]
    flash.o(.ARM.exidx.text.Flash_Unlock) refers to flash.o(.text.Flash_Unlock) for [Anonymous Symbol]
    flash.o(.text.Flash_Erase) refers to flash.o(.text.Flash_Unlock) for Flash_Unlock
    flash.o(.ARM.exidx.text.Flash_Erase) refers to flash.o(.text.Flash_Erase) for [Anonymous Symbol]
    flash.o(.text.Flash_Write_Int) refers to flash.o(.text.Flash_Unlock) for Flash_Unlock
    flash.o(.text.Flash_Write_Int) refers to main.o(.bss.check) for check
    flash.o(.ARM.exidx.text.Flash_Write_Int) refers to flash.o(.text.Flash_Write_Int) for [Anonymous Symbol]
    flash.o(.ARM.exidx.text.Flash_Read_Int) refers to flash.o(.text.Flash_Read_Int) for [Anonymous Symbol]
    flash.o(.text.Flash_Write_Char) refers to flash.o(.text.Flash_Unlock) for Flash_Unlock
    flash.o(.text.Flash_Write_Char) refers to strlen.o(.text) for strlen
    flash.o(.text.Flash_Write_Char) refers to flash.o(.bss.lengthPage) for lengthPage
    flash.o(.ARM.exidx.text.Flash_Write_Char) refers to flash.o(.text.Flash_Write_Char) for [Anonymous Symbol]
    flash.o(.text.Flash_ReadChar) refers to flash.o(.text.deleteBuffer) for deleteBuffer
    flash.o(.text.Flash_ReadChar) refers to flash.o(.text.Flash_Read_Int) for Flash_Read_Int
    flash.o(.ARM.exidx.text.Flash_ReadChar) refers to flash.o(.text.Flash_ReadChar) for [Anonymous Symbol]
    flash.o(.text.Flash_ProgramPage) refers to flash.o(.text.Flash_Unlock) for Flash_Unlock
    flash.o(.text.Flash_ProgramPage) refers to flash.o(.text.Flash_Erase) for Flash_Erase
    flash.o(.text.Flash_ProgramPage) refers to flash.o(.text.Flash_Write_Char) for Flash_Write_Char
    flash.o(.text.Flash_ProgramPage) refers to timer.o(.text.delayMs) for delayMs
    flash.o(.ARM.exidx.text.Flash_ProgramPage) refers to flash.o(.text.Flash_ProgramPage) for [Anonymous Symbol]
    uart.o(.ARM.exidx.text.configUART1) refers to uart.o(.text.configUART1) for [Anonymous Symbol]
    uart.o(.ARM.exidx.text.configUART2) refers to uart.o(.text.configUART2) for [Anonymous Symbol]
    uart.o(.ARM.exidx.text.configUART3) refers to uart.o(.text.configUART3) for [Anonymous Symbol]
    misc.o(.ARM.exidx.text.NVIC_PriorityGroupConfig) refers to misc.o(.text.NVIC_PriorityGroupConfig) for [Anonymous Symbol]
    misc.o(.ARM.exidx.text.NVIC_Init) refers to misc.o(.text.NVIC_Init) for [Anonymous Symbol]
    misc.o(.ARM.exidx.text.NVIC_SetVectorTable) refers to misc.o(.text.NVIC_SetVectorTable) for [Anonymous Symbol]
    misc.o(.ARM.exidx.text.NVIC_SystemLPConfig) refers to misc.o(.text.NVIC_SystemLPConfig) for [Anonymous Symbol]
    misc.o(.ARM.exidx.text.SysTick_CLKSourceConfig) refers to misc.o(.text.SysTick_CLKSourceConfig) for [Anonymous Symbol]
    startup_stm32f10x_md.o(STACK) refers (Special) to heapauxi.o(.text) for __use_two_region_memory
    startup_stm32f10x_md.o(HEAP) refers (Special) to heapauxi.o(.text) for __use_two_region_memory
    startup_stm32f10x_md.o(RESET) refers (Special) to heapauxi.o(.text) for __use_two_region_memory
    startup_stm32f10x_md.o(RESET) refers to startup_stm32f10x_md.o(STACK) for __initial_sp
    startup_stm32f10x_md.o(RESET) refers to startup_stm32f10x_md.o(.text) for Reset_Handler
    startup_stm32f10x_md.o(RESET) refers to interrupt.o(.text.TIM1_UP_IRQHandler) for TIM1_UP_IRQHandler
    startup_stm32f10x_md.o(RESET) refers to interrupt.o(.text.USART1_IRQHandler) for USART1_IRQHandler
    startup_stm32f10x_md.o(.text) refers (Special) to heapauxi.o(.text) for __use_two_region_memory
    startup_stm32f10x_md.o(.text) refers to system_stm32f10x.o(.text.SystemInit) for SystemInit
    startup_stm32f10x_md.o(.text) refers to __main.o(!!!main) for __main
    startup_stm32f10x_md.o(.text) refers to startup_stm32f10x_md.o(HEAP) for Heap_Mem
    startup_stm32f10x_md.o(.text) refers to startup_stm32f10x_md.o(STACK) for Stack_Mem
    system_stm32f10x.o(.text.SystemInit) refers to system_stm32f10x.o(.text.SetSysClock) for SetSysClock
    system_stm32f10x.o(.ARM.exidx.text.SystemInit) refers to system_stm32f10x.o(.text.SystemInit) for [Anonymous Symbol]
    system_stm32f10x.o(.text.SetSysClock) refers to system_stm32f10x.o(.text.SetSysClockTo72) for SetSysClockTo72
    system_stm32f10x.o(.ARM.exidx.text.SetSysClock) refers to system_stm32f10x.o(.text.SetSysClock) for [Anonymous Symbol]
    system_stm32f10x.o(.text.SystemCoreClockUpdate) refers to system_stm32f10x.o(.data.SystemCoreClock) for SystemCoreClock
    system_stm32f10x.o(.text.SystemCoreClockUpdate) refers to system_stm32f10x.o(.rodata.AHBPrescTable) for AHBPrescTable
    system_stm32f10x.o(.ARM.exidx.text.SystemCoreClockUpdate) refers to system_stm32f10x.o(.text.SystemCoreClockUpdate) for [Anonymous Symbol]
    system_stm32f10x.o(.ARM.exidx.text.SetSysClockTo72) refers to system_stm32f10x.o(.text.SetSysClockTo72) for [Anonymous Symbol]
    __main.o(!!!main) refers to __rtentry.o(.ARM.Collect$$rtentry$$00000000) for __rt_entry
    d2f.o(x$fpl$d2f) refers (Special) to usenofp.o(x$fpl$usenofp) for __I$use$fp
    d2f.o(x$fpl$d2f) refers to fretinf.o(x$fpl$fretinf) for __fpl_fretinf
    d2f.o(x$fpl$d2f) refers to dnaninf.o(x$fpl$dnaninf) for __fpl_dnaninf
    daddsub_clz.o(x$fpl$dadd) refers (Special) to usenofp.o(x$fpl$usenofp) for __I$use$fp
    daddsub_clz.o(x$fpl$dadd) refers to daddsub_clz.o(x$fpl$dsub) for _dsub1
    daddsub_clz.o(x$fpl$dadd) refers to dretinf.o(x$fpl$dretinf) for __fpl_dretinf
    daddsub_clz.o(x$fpl$dadd) refers to dnaninf.o(x$fpl$dnaninf) for __fpl_dnaninf
    daddsub_clz.o(x$fpl$drsb) refers (Special) to usenofp.o(x$fpl$usenofp) for __I$use$fp
    daddsub_clz.o(x$fpl$drsb) refers to daddsub_clz.o(x$fpl$dadd) for _dadd1
    daddsub_clz.o(x$fpl$drsb) refers to daddsub_clz.o(x$fpl$dsub) for _dsub1
    daddsub_clz.o(x$fpl$dsub) refers (Special) to usenofp.o(x$fpl$usenofp) for __I$use$fp
    daddsub_clz.o(x$fpl$dsub) refers to daddsub_clz.o(x$fpl$dadd) for _dadd1
    daddsub_clz.o(x$fpl$dsub) refers to dnaninf.o(x$fpl$dnaninf) for __fpl_dnaninf
    ddiv.o(x$fpl$drdiv) refers (Special) to usenofp.o(x$fpl$usenofp) for __I$use$fp
    ddiv.o(x$fpl$drdiv) refers to ddiv.o(x$fpl$ddiv) for ddiv_entry
    ddiv.o(x$fpl$ddiv) refers (Special) to usenofp.o(x$fpl$usenofp) for __I$use$fp
    ddiv.o(x$fpl$ddiv) refers to dretinf.o(x$fpl$dretinf) for __fpl_dretinf
    ddiv.o(x$fpl$ddiv) refers to dnaninf.o(x$fpl$dnaninf) for __fpl_dnaninf
    dflt_clz.o(x$fpl$dfltu) refers (Special) to usenofp.o(x$fpl$usenofp) for __I$use$fp
    dflt_clz.o(x$fpl$dflt) refers (Special) to usenofp.o(x$fpl$usenofp) for __I$use$fp
    dflt_clz.o(x$fpl$dfltn) refers (Special) to usenofp.o(x$fpl$usenofp) for __I$use$fp
    dmul.o(x$fpl$dmul) refers (Special) to usenofp.o(x$fpl$usenofp) for __I$use$fp
    dmul.o(x$fpl$dmul) refers to dretinf.o(x$fpl$dretinf) for __fpl_dretinf
    dmul.o(x$fpl$dmul) refers to dnaninf.o(x$fpl$dnaninf) for __fpl_dnaninf
    f2d.o(x$fpl$f2d) refers (Special) to usenofp.o(x$fpl$usenofp) for __I$use$fp
    f2d.o(x$fpl$f2d) refers to fnaninf.o(x$fpl$fnaninf) for __fpl_fnaninf
    f2d.o(x$fpl$f2d) refers to dretinf.o(x$fpl$dretinf) for __fpl_dretinf
    ffix.o(x$fpl$ffix) refers (Special) to usenofp.o(x$fpl$usenofp) for __I$use$fp
    ffix.o(x$fpl$ffix) refers to fnaninf.o(x$fpl$fnaninf) for __fpl_fnaninf
    ffix.o(x$fpl$ffixr) refers (Special) to usenofp.o(x$fpl$usenofp) for __I$use$fp
    ffix.o(x$fpl$ffixr) refers to fnaninf.o(x$fpl$fnaninf) for __fpl_fnaninf
    roundf.o(i.roundf) refers (Special) to usenofp.o(x$fpl$usenofp) for __I$use$fp
    roundf.o(i.roundf) refers to frnd.o(x$fpl$frnd) for _frnd
    roundf.o(i.roundf) refers to faddsub_clz.o(x$fpl$fsub) for __aeabi_fsub
    roundf.o(i.roundf) refers to faddsub_clz.o(x$fpl$fadd) for __aeabi_fadd
    __rtentry.o(.ARM.Collect$$rtentry$$00000000) refers (Special) to __rtentry2.o(.ARM.Collect$$rtentry$$0000000A) for __rt_entry_li
    __rtentry.o(.ARM.Collect$$rtentry$$00000000) refers (Special) to __rtentry2.o(.ARM.Collect$$rtentry$$0000000D) for __rt_entry_main
    __rtentry.o(.ARM.Collect$$rtentry$$00000000) refers (Special) to __rtentry2.o(.ARM.Collect$$rtentry$$0000000C) for __rt_entry_postli_1
    __rtentry.o(.ARM.Collect$$rtentry$$00000000) refers (Special) to __rtentry2.o(.ARM.Collect$$rtentry$$00000009) for __rt_entry_postsh_1
    __rtentry.o(.ARM.Collect$$rtentry$$00000000) refers (Special) to __rtentry2.o(.ARM.Collect$$rtentry$$00000002) for __rt_entry_presh_1
    __rtentry.o(.ARM.Collect$$rtentry$$00000000) refers (Special) to __rtentry4.o(.ARM.Collect$$rtentry$$00000004) for __rt_entry_sh
    dnaninf.o(x$fpl$dnaninf) refers (Special) to usenofp.o(x$fpl$usenofp) for __I$use$fp
    dretinf.o(x$fpl$dretinf) refers (Special) to usenofp.o(x$fpl$usenofp) for __I$use$fp
    faddsub_clz.o(x$fpl$fadd) refers (Special) to usenofp.o(x$fpl$usenofp) for __I$use$fp
    faddsub_clz.o(x$fpl$fadd) refers to faddsub_clz.o(x$fpl$fsub) for _fsub1
    faddsub_clz.o(x$fpl$fadd) refers to fretinf.o(x$fpl$fretinf) for __fpl_fretinf
    faddsub_clz.o(x$fpl$fadd) refers to fnaninf.o(x$fpl$fnaninf) for __fpl_fnaninf
    faddsub_clz.o(x$fpl$frsb) refers (Special) to usenofp.o(x$fpl$usenofp) for __I$use$fp
    faddsub_clz.o(x$fpl$frsb) refers to faddsub_clz.o(x$fpl$fadd) for _fadd1
    faddsub_clz.o(x$fpl$frsb) refers to faddsub_clz.o(x$fpl$fsub) for _fsub1
    faddsub_clz.o(x$fpl$fsub) refers (Special) to usenofp.o(x$fpl$usenofp) for __I$use$fp
    faddsub_clz.o(x$fpl$fsub) refers to faddsub_clz.o(x$fpl$fadd) for _fadd1
    faddsub_clz.o(x$fpl$fsub) refers to fnaninf.o(x$fpl$fnaninf) for __fpl_fnaninf
    fnaninf.o(x$fpl$fnaninf) refers (Special) to usenofp.o(x$fpl$usenofp) for __I$use$fp
    fretinf.o(x$fpl$fretinf) refers (Special) to usenofp.o(x$fpl$usenofp) for __I$use$fp
    frnd.o(x$fpl$frnd) refers (Special) to usenofp.o(x$fpl$usenofp) for __I$use$fp
    frnd.o(x$fpl$frnd) refers to fnaninf.o(x$fpl$fnaninf) for __fpl_fnaninf
    __rtentry2.o(.ARM.Collect$$rtentry$$00000008) refers to boardinit2.o(.text) for _platform_post_stackheap_init
    __rtentry2.o(.ARM.Collect$$rtentry$$0000000A) refers to libinit.o(.ARM.Collect$$libinit$$00000000) for __rt_lib_init
    __rtentry2.o(.ARM.Collect$$rtentry$$0000000B) refers to boardinit3.o(.text) for _platform_post_lib_init
    __rtentry2.o(.ARM.Collect$$rtentry$$0000000D) refers to main.o(.text.main) for main
    __rtentry2.o(.ARM.Collect$$rtentry$$0000000D) refers to exit.o(.text) for exit
    __rtentry2.o(.ARM.exidx) refers to __rtentry2.o(.ARM.Collect$$rtentry$$00000001) for .ARM.Collect$$rtentry$$00000001
    __rtentry2.o(.ARM.exidx) refers to __rtentry2.o(.ARM.Collect$$rtentry$$00000008) for .ARM.Collect$$rtentry$$00000008
    __rtentry2.o(.ARM.exidx) refers to __rtentry2.o(.ARM.Collect$$rtentry$$0000000A) for .ARM.Collect$$rtentry$$0000000A
    __rtentry2.o(.ARM.exidx) refers to __rtentry2.o(.ARM.Collect$$rtentry$$0000000B) for .ARM.Collect$$rtentry$$0000000B
    __rtentry2.o(.ARM.exidx) refers to __rtentry2.o(.ARM.Collect$$rtentry$$0000000D) for .ARM.Collect$$rtentry$$0000000D
    __rtentry4.o(.ARM.Collect$$rtentry$$00000004) refers to sys_stackheap_outer.o(.text) for __user_setup_stackheap
    __rtentry4.o(.ARM.exidx) refers to __rtentry4.o(.ARM.Collect$$rtentry$$00000004) for .ARM.Collect$$rtentry$$00000004
    sys_stackheap_outer.o(.text) refers to libspace.o(.text) for __user_perproc_libspace
    sys_stackheap_outer.o(.text) refers to startup_stm32f10x_md.o(.text) for __user_initial_stackheap
    exit.o(.text) refers to rtexit.o(.ARM.Collect$$rtexit$$00000000) for __rt_exit
    libinit.o(.ARM.Collect$$libinit$$00000000) refers (Special) to libinit2.o(.ARM.Collect$$libinit$$0000002E) for __rt_lib_init_alloca_1
    libinit.o(.ARM.Collect$$libinit$$00000000) refers (Special) to libinit2.o(.ARM.Collect$$libinit$$0000002C) for __rt_lib_init_argv_1
    libinit.o(.ARM.Collect$$libinit$$00000000) refers (Special) to libinit2.o(.ARM.Collect$$libinit$$0000001B) for __rt_lib_init_atexit_1
    libinit.o(.ARM.Collect$$libinit$$00000000) refers (Special) to libinit2.o(.ARM.Collect$$libinit$$00000021) for __rt_lib_init_clock_1
    libinit.o(.ARM.Collect$$libinit$$00000000) refers (Special) to libinit2.o(.ARM.Collect$$libinit$$00000032) for __rt_lib_init_cpp_1
    libinit.o(.ARM.Collect$$libinit$$00000000) refers (Special) to libinit2.o(.ARM.Collect$$libinit$$00000030) for __rt_lib_init_exceptions_1
    libinit.o(.ARM.Collect$$libinit$$00000000) refers (Special) to libinit2.o(.ARM.Collect$$libinit$$00000002) for __rt_lib_init_fp_1
    libinit.o(.ARM.Collect$$libinit$$00000000) refers (Special) to libinit2.o(.ARM.Collect$$libinit$$0000001F) for __rt_lib_init_fp_trap_1
    libinit.o(.ARM.Collect$$libinit$$00000000) refers (Special) to libinit2.o(.ARM.Collect$$libinit$$00000023) for __rt_lib_init_getenv_1
    libinit.o(.ARM.Collect$$libinit$$00000000) refers (Special) to libinit2.o(.ARM.Collect$$libinit$$0000000A) for __rt_lib_init_heap_1
    libinit.o(.ARM.Collect$$libinit$$00000000) refers (Special) to libinit2.o(.ARM.Collect$$libinit$$00000011) for __rt_lib_init_lc_collate_1
    libinit.o(.ARM.Collect$$libinit$$00000000) refers (Special) to libinit2.o(.ARM.Collect$$libinit$$00000013) for __rt_lib_init_lc_ctype_1
    libinit.o(.ARM.Collect$$libinit$$00000000) refers (Special) to libinit2.o(.ARM.Collect$$libinit$$00000015) for __rt_lib_init_lc_monetary_1
    libinit.o(.ARM.Collect$$libinit$$00000000) refers (Special) to libinit2.o(.ARM.Collect$$libinit$$00000017) for __rt_lib_init_lc_numeric_1
    libinit.o(.ARM.Collect$$libinit$$00000000) refers (Special) to libinit2.o(.ARM.Collect$$libinit$$00000019) for __rt_lib_init_lc_time_1
    libinit.o(.ARM.Collect$$libinit$$00000000) refers (Special) to libinit2.o(.ARM.Collect$$libinit$$00000004) for __rt_lib_init_preinit_1
    libinit.o(.ARM.Collect$$libinit$$00000000) refers (Special) to libinit2.o(.ARM.Collect$$libinit$$0000000E) for __rt_lib_init_rand_1
    libinit.o(.ARM.Collect$$libinit$$00000000) refers (Special) to libinit2.o(.ARM.Collect$$libinit$$00000033) for __rt_lib_init_return
    libinit.o(.ARM.Collect$$libinit$$00000000) refers (Special) to libinit2.o(.ARM.Collect$$libinit$$0000001D) for __rt_lib_init_signal_1
    libinit.o(.ARM.Collect$$libinit$$00000000) refers (Special) to libinit2.o(.ARM.Collect$$libinit$$00000025) for __rt_lib_init_stdio_1
    libinit.o(.ARM.Collect$$libinit$$00000000) refers (Special) to libinit2.o(.ARM.Collect$$libinit$$0000000C) for __rt_lib_init_user_alloc_1
    libspace.o(.text) refers to libspace.o(.bss) for __libspace_start
    rtexit.o(.ARM.Collect$$rtexit$$00000000) refers (Special) to rtexit2.o(.ARM.Collect$$rtexit$$00000004) for __rt_exit_exit
    rtexit.o(.ARM.Collect$$rtexit$$00000000) refers (Special) to rtexit2.o(.ARM.Collect$$rtexit$$00000003) for __rt_exit_ls
    rtexit.o(.ARM.Collect$$rtexit$$00000000) refers (Special) to rtexit2.o(.ARM.Collect$$rtexit$$00000002) for __rt_exit_prels_1
    rtexit.o(.ARM.exidx) refers (Special) to rtexit2.o(.ARM.Collect$$rtexit$$00000004) for __rt_exit_exit
    rtexit.o(.ARM.exidx) refers (Special) to rtexit2.o(.ARM.Collect$$rtexit$$00000003) for __rt_exit_ls
    rtexit.o(.ARM.exidx) refers (Special) to rtexit2.o(.ARM.Collect$$rtexit$$00000002) for __rt_exit_prels_1
    rtexit.o(.ARM.exidx) refers to rtexit.o(.ARM.Collect$$rtexit$$00000000) for .ARM.Collect$$rtexit$$00000000
    libinit2.o(.ARM.Collect$$libinit$$00000010) refers to libinit2.o(.ARM.Collect$$libinit$$0000000F) for .ARM.Collect$$libinit$$0000000F
    libinit2.o(.ARM.Collect$$libinit$$00000012) refers to libinit2.o(.ARM.Collect$$libinit$$0000000F) for .ARM.Collect$$libinit$$0000000F
    libinit2.o(.ARM.Collect$$libinit$$00000014) refers to libinit2.o(.ARM.Collect$$libinit$$0000000F) for .ARM.Collect$$libinit$$0000000F
    libinit2.o(.ARM.Collect$$libinit$$00000016) refers to libinit2.o(.ARM.Collect$$libinit$$0000000F) for .ARM.Collect$$libinit$$0000000F
    libinit2.o(.ARM.Collect$$libinit$$00000018) refers to libinit2.o(.ARM.Collect$$libinit$$0000000F) for .ARM.Collect$$libinit$$0000000F
    libinit2.o(.ARM.Collect$$libinit$$00000026) refers to argv_veneer.o(.emb_text) for __ARM_argv_veneer
    libinit2.o(.ARM.Collect$$libinit$$00000027) refers to argv_veneer.o(.emb_text) for __ARM_argv_veneer
    rtexit2.o(.ARM.Collect$$rtexit$$00000003) refers to libshutdown.o(.ARM.Collect$$libshutdown$$00000000) for __rt_lib_shutdown
    rtexit2.o(.ARM.Collect$$rtexit$$00000004) refers to sys_exit.o(.text) for _sys_exit
    rtexit2.o(.ARM.exidx) refers to rtexit2.o(.ARM.Collect$$rtexit$$00000001) for .ARM.Collect$$rtexit$$00000001
    rtexit2.o(.ARM.exidx) refers to rtexit2.o(.ARM.Collect$$rtexit$$00000003) for .ARM.Collect$$rtexit$$00000003
    rtexit2.o(.ARM.exidx) refers to rtexit2.o(.ARM.Collect$$rtexit$$00000004) for .ARM.Collect$$rtexit$$00000004
    argv_veneer.o(.emb_text) refers to no_argv.o(.text) for __ARM_get_argv
    sys_exit.o(.text) refers (Special) to use_no_semi.o(.text) for __I$use$semihosting
    sys_exit.o(.text) refers (Special) to indicate_semi.o(.text) for __semihosting_library_function
    sys_exit_hlt.o(.text) refers (Special) to use_no_semi.o(.text) for __I$use$semihosting
    sys_exit_hlt.o(.text) refers (Special) to indicate_semi.o(.text) for __semihosting_library_function
    _get_argv_nomalloc.o(.text) refers (Special) to hrguard.o(.text) for __heap_region$guard
    _get_argv_nomalloc.o(.text) refers to defsig_rtmem_outer.o(.text) for __rt_SIGRTMEM
    _get_argv_nomalloc.o(.text) refers to sys_command.o(.text) for _sys_command_string
    libshutdown.o(.ARM.Collect$$libshutdown$$00000000) refers (Special) to libshutdown2.o(.ARM.Collect$$libshutdown$$00000002) for __rt_lib_shutdown_cpp_1
    libshutdown.o(.ARM.Collect$$libshutdown$$00000000) refers (Special) to libshutdown2.o(.ARM.Collect$$libshutdown$$00000007) for __rt_lib_shutdown_fp_trap_1
    libshutdown.o(.ARM.Collect$$libshutdown$$00000000) refers (Special) to libshutdown2.o(.ARM.Collect$$libshutdown$$0000000F) for __rt_lib_shutdown_heap_1
    libshutdown.o(.ARM.Collect$$libshutdown$$00000000) refers (Special) to libshutdown2.o(.ARM.Collect$$libshutdown$$00000010) for __rt_lib_shutdown_return
    libshutdown.o(.ARM.Collect$$libshutdown$$00000000) refers (Special) to libshutdown2.o(.ARM.Collect$$libshutdown$$0000000A) for __rt_lib_shutdown_signal_1
    libshutdown.o(.ARM.Collect$$libshutdown$$00000000) refers (Special) to libshutdown2.o(.ARM.Collect$$libshutdown$$00000004) for __rt_lib_shutdown_stdio_1
    libshutdown.o(.ARM.Collect$$libshutdown$$00000000) refers (Special) to libshutdown2.o(.ARM.Collect$$libshutdown$$0000000C) for __rt_lib_shutdown_user_alloc_1
    sys_command.o(.text) refers (Special) to use_no_semi.o(.text) for __I$use$semihosting
    sys_command.o(.text) refers (Special) to indicate_semi.o(.text) for __semihosting_library_function
    sys_command_hlt.o(.text) refers (Special) to use_no_semi.o(.text) for __I$use$semihosting
    sys_command_hlt.o(.text) refers (Special) to indicate_semi.o(.text) for __semihosting_library_function
    defsig_rtmem_outer.o(.text) refers to defsig_rtmem_inner.o(.text) for __rt_SIGRTMEM_inner
    defsig_rtmem_outer.o(.text) refers to defsig_exit.o(.text) for __sig_exit
    defsig_rtmem_formal.o(.text) refers to rt_raise.o(.text) for __rt_raise
    rt_raise.o(.text) refers to __raise.o(.text) for __raise
    rt_raise.o(.text) refers to sys_exit.o(.text) for _sys_exit
    defsig_exit.o(.text) refers to sys_exit.o(.text) for _sys_exit
    defsig_rtmem_inner.o(.text) refers to defsig_general.o(.text) for __default_signal_display
    __raise.o(.text) refers to defsig.o(CL$$defsig) for __default_signal_handler
    defsig_general.o(.text) refers to sys_wrch.o(.text) for _ttywrch
    sys_wrch.o(.text) refers (Special) to use_no_semi.o(.text) for __I$use$semihosting
    sys_wrch.o(.text) refers (Special) to indicate_semi.o(.text) for __semihosting_library_function
    sys_wrch_hlt.o(.text) refers (Special) to use_no_semi.o(.text) for __I$use$semihosting
    sys_wrch_hlt.o(.text) refers (Special) to indicate_semi.o(.text) for __semihosting_library_function
    defsig.o(CL$$defsig) refers to defsig_rtmem_inner.o(.text) for __rt_SIGRTMEM_inner
    defsig_abrt_inner.o(.text) refers to defsig_general.o(.text) for __default_signal_display
    defsig_fpe_inner.o(.text) refers to defsig_general.o(.text) for __default_signal_display
    defsig_rtred_inner.o(.text) refers to defsig_general.o(.text) for __default_signal_display
    defsig_stak_inner.o(.text) refers to defsig_general.o(.text) for __default_signal_display
    defsig_pvfn_inner.o(.text) refers to defsig_general.o(.text) for __default_signal_display
    defsig_cppl_inner.o(.text) refers to defsig_general.o(.text) for __default_signal_display
    defsig_segv_inner.o(.text) refers to defsig_general.o(.text) for __default_signal_display
    defsig_other.o(.text) refers to defsig_general.o(.text) for __default_signal_display


==============================================================================

Removing Unused input sections from the image.

    Removing main.o(.text), (0 bytes).
    Removing main.o(.ARM.exidx.text.main), (8 bytes).
    Removing main.o(.bss.Ax), (4 bytes).
    Removing main.o(.bss.Ay), (4 bytes).
    Removing main.o(.bss.Az), (4 bytes).
    Removing main.o(.ARM.use_no_argv), (4 bytes).
    Removing i2c.o(.text), (0 bytes).
    Removing i2c.o(.ARM.exidx.text.configI2c), (8 bytes).
    Removing i2c.o(.ARM.exidx.text.startI2c), (8 bytes).
    Removing i2c.o(.ARM.exidx.text.writeI2c), (8 bytes).
    Removing i2c.o(.ARM.exidx.text.addressI2c), (8 bytes).
    Removing i2c.o(.ARM.exidx.text.stopI2c), (8 bytes).
    Removing i2c.o(.text.writeMutiI2c), (44 bytes).
    Removing i2c.o(.ARM.exidx.text.writeMutiI2c), (8 bytes).
    Removing i2c.o(.ARM.exidx.text.readI2c), (8 bytes).
    Removing mpu_6050.o(.text), (0 bytes).
    Removing mpu_6050.o(.ARM.exidx.text.configMpu), (8 bytes).
    Removing mpu_6050.o(.ARM.exidx.text.mpuRead), (8 bytes).
    Removing mpu_6050.o(.ARM.exidx.text.mpuWrite), (8 bytes).
    Removing mpu_6050.o(.text.mpuReadAccel), (166 bytes).
    Removing mpu_6050.o(.ARM.exidx.text.mpuReadAccel), (8 bytes).
    Removing mpu_6050.o(.ARM.exidx.text.mpuReadGyro), (8 bytes).
    Removing mpu_6050.o(.ARM.exidx.text.getAntiDriffCoefficient), (8 bytes).
    Removing mpu_6050.o(.ARM.exidx.text.initMPU), (8 bytes).
    Removing mpu_6050.o(.bss.Accel_X_RAW), (2 bytes).
    Removing mpu_6050.o(.bss.Accel_Y_RAW), (2 bytes).
    Removing mpu_6050.o(.bss.Accel_Z_RAW), (2 bytes).
    Removing gpio.o(.text), (0 bytes).
    Removing gpio.o(.ARM.exidx.text.configGPIO), (8 bytes).
    Removing gpio.o(.ARM.exidx.text.configAFIO), (8 bytes).
    Removing config.o(.text), (0 bytes).
    Removing config.o(.ARM.exidx.text.config), (8 bytes).
    Removing timer.o(.text), (0 bytes).
    Removing timer.o(.ARM.exidx.text.configTIM1), (8 bytes).
    Removing timer.o(.ARM.exidx.text.configTIM4), (8 bytes).
    Removing timer.o(.ARM.exidx.text.delayMs), (8 bytes).
    Removing exti.o(.text), (0 bytes).
    Removing exti.o(.text.configEXTI), (36 bytes).
    Removing exti.o(.ARM.exidx.text.configEXTI), (8 bytes).
    Removing interrupt.o(.text), (0 bytes).
    Removing interrupt.o(.ARM.exidx.text.TIM1_UP_IRQHandler), (8 bytes).
    Removing interrupt.o(.ARM.exidx.text.USART1_IRQHandler), (8 bytes).
    Removing interrupt.o(.bss.xS), (2 bytes).
    Removing interrupt.o(.bss.yS), (2 bytes).
    Removing interrupt.o(.bss.zS), (2 bytes).
    Removing nvic.o(.text), (0 bytes).
    Removing nvic.o(.ARM.exidx.text.configNVIC), (8 bytes).
    Removing nvic.o(.ARM.exidx.text.__NVIC_SetPriorityGrouping), (8 bytes).
    Removing nvic.o(.ARM.exidx.text.__NVIC_SetPriority), (8 bytes).
    Removing nvic.o(.ARM.exidx.text.__NVIC_EnableIRQ), (8 bytes).
    Removing flash.o(.text), (0 bytes).
    Removing flash.o(.text.configFlash), (18 bytes).
    Removing flash.o(.ARM.exidx.text.configFlash), (8 bytes).
    Removing flash.o(.text.deleteBuffer), (36 bytes).
    Removing flash.o(.ARM.exidx.text.deleteBuffer), (8 bytes).
    Removing flash.o(.ARM.exidx.text.Flash_Unlock), (8 bytes).
    Removing flash.o(.ARM.exidx.text.Flash_Erase), (8 bytes).
    Removing flash.o(.ARM.exidx.text.Flash_Write_Int), (8 bytes).
    Removing flash.o(.ARM.exidx.text.Flash_Read_Int), (8 bytes).
    Removing flash.o(.text.Flash_Write_Char), (94 bytes).
    Removing flash.o(.ARM.exidx.text.Flash_Write_Char), (8 bytes).
    Removing flash.o(.text.Flash_ReadChar), (78 bytes).
    Removing flash.o(.ARM.exidx.text.Flash_ReadChar), (8 bytes).
    Removing flash.o(.text.Flash_ProgramPage), (64 bytes).
    Removing flash.o(.ARM.exidx.text.Flash_ProgramPage), (8 bytes).
    Removing flash.o(.bss.lengthPage), (1 bytes).
    Removing uart.o(.text), (0 bytes).
    Removing uart.o(.ARM.exidx.text.configUART1), (8 bytes).
    Removing uart.o(.text.configUART2), (58 bytes).
    Removing uart.o(.ARM.exidx.text.configUART2), (8 bytes).
    Removing uart.o(.text.configUART3), (58 bytes).
    Removing uart.o(.ARM.exidx.text.configUART3), (8 bytes).
    Removing misc.o(.text), (0 bytes).
    Removing misc.o(.text.NVIC_PriorityGroupConfig), (20 bytes).
    Removing misc.o(.ARM.exidx.text.NVIC_PriorityGroupConfig), (8 bytes).
    Removing misc.o(.text.NVIC_Init), (94 bytes).
    Removing misc.o(.ARM.exidx.text.NVIC_Init), (8 bytes).
    Removing misc.o(.text.NVIC_SetVectorTable), (24 bytes).
    Removing misc.o(.ARM.exidx.text.NVIC_SetVectorTable), (8 bytes).
    Removing misc.o(.text.NVIC_SystemLPConfig), (24 bytes).
    Removing misc.o(.ARM.exidx.text.NVIC_SystemLPConfig), (8 bytes).
    Removing misc.o(.text.SysTick_CLKSourceConfig), (24 bytes).
    Removing misc.o(.ARM.exidx.text.SysTick_CLKSourceConfig), (8 bytes).
    Removing system_stm32f10x.o(.text), (0 bytes).
    Removing system_stm32f10x.o(.ARM.exidx.text.SystemInit), (8 bytes).
    Removing system_stm32f10x.o(.ARM.exidx.text.SetSysClock), (8 bytes).
    Removing system_stm32f10x.o(.text.SystemCoreClockUpdate), (110 bytes).
    Removing system_stm32f10x.o(.ARM.exidx.text.SystemCoreClockUpdate), (8 bytes).
    Removing system_stm32f10x.o(.ARM.exidx.text.SetSysClockTo72), (8 bytes).
    Removing system_stm32f10x.o(.data.SystemCoreClock), (4 bytes).
    Removing system_stm32f10x.o(.rodata.AHBPrescTable), (16 bytes).

91 unused section(s) (total 1389 bytes) removed from the image.

==============================================================================

Image Symbol Table

    Local Symbols

    Symbol Name                              Value     Ov Type        Size  Object(Section)

    ../clib/angel/boardlib.s                 0x00000000   Number         0  boardinit1.o ABSOLUTE
    ../clib/angel/boardlib.s                 0x00000000   Number         0  boardinit2.o ABSOLUTE
    ../clib/angel/boardlib.s                 0x00000000   Number         0  boardinit3.o ABSOLUTE
    ../clib/angel/boardlib.s                 0x00000000   Number         0  boardshut.o ABSOLUTE
    ../clib/angel/handlers.s                 0x00000000   Number         0  __scatter_zi.o ABSOLUTE
    ../clib/angel/kernel.s                   0x00000000   Number         0  __rtentry.o ABSOLUTE
    ../clib/angel/kernel.s                   0x00000000   Number         0  __rtentry2.o ABSOLUTE
    ../clib/angel/kernel.s                   0x00000000   Number         0  __rtentry4.o ABSOLUTE
    ../clib/angel/kernel.s                   0x00000000   Number         0  rtexit.o ABSOLUTE
    ../clib/angel/kernel.s                   0x00000000   Number         0  rtexit2.o ABSOLUTE
    ../clib/angel/rt.s                       0x00000000   Number         0  rt_raise.o ABSOLUTE
    ../clib/angel/scatter.s                  0x00000000   Number         0  __scatter.o ABSOLUTE
    ../clib/angel/startup.s                  0x00000000   Number         0  __main.o ABSOLUTE
    ../clib/angel/sys.s                      0x00000000   Number         0  sys_stackheap_outer.o ABSOLUTE
    ../clib/angel/sys.s                      0x00000000   Number         0  libspace.o ABSOLUTE
    ../clib/angel/sys.s                      0x00000000   Number         0  use_no_semi.o ABSOLUTE
    ../clib/angel/sys.s                      0x00000000   Number         0  indicate_semi.o ABSOLUTE
    ../clib/angel/sysapp.c                   0x00000000   Number         0  sys_exit.o ABSOLUTE
    ../clib/angel/sysapp.c                   0x00000000   Number         0  sys_exit_hlt.o ABSOLUTE
    ../clib/angel/sysapp.c                   0x00000000   Number         0  sys_command.o ABSOLUTE
    ../clib/angel/sysapp.c                   0x00000000   Number         0  sys_command_hlt.o ABSOLUTE
    ../clib/angel/sysapp.c                   0x00000000   Number         0  sys_wrch.o ABSOLUTE
    ../clib/angel/sysapp.c                   0x00000000   Number         0  sys_wrch_hlt.o ABSOLUTE
    ../clib/armsys.c                         0x00000000   Number         0  argv_veneer.o ABSOLUTE
    ../clib/armsys.c                         0x00000000   Number         0  argv_veneer.o ABSOLUTE
    ../clib/armsys.c                         0x00000000   Number         0  _get_argv_nomalloc.o ABSOLUTE
    ../clib/armsys.c                         0x00000000   Number         0  no_argv.o ABSOLUTE
    ../clib/heapalloc.c                      0x00000000   Number         0  hrguard.o ABSOLUTE
    ../clib/heapaux.c                        0x00000000   Number         0  heapauxi.o ABSOLUTE
    ../clib/libinit.s                        0x00000000   Number         0  libinit.o ABSOLUTE
    ../clib/libinit.s                        0x00000000   Number         0  libinit2.o ABSOLUTE
    ../clib/libinit.s                        0x00000000   Number         0  libshutdown.o ABSOLUTE
    ../clib/libinit.s                        0x00000000   Number         0  libshutdown2.o ABSOLUTE
    ../clib/signal.c                         0x00000000   Number         0  defsig_rtmem_outer.o ABSOLUTE
    ../clib/signal.c                         0x00000000   Number         0  defsig_rtmem_formal.o ABSOLUTE
    ../clib/signal.c                         0x00000000   Number         0  defsig_exit.o ABSOLUTE
    ../clib/signal.c                         0x00000000   Number         0  defsig_rtmem_inner.o ABSOLUTE
    ../clib/signal.c                         0x00000000   Number         0  __raise.o ABSOLUTE
    ../clib/signal.c                         0x00000000   Number         0  defsig_general.o ABSOLUTE
    ../clib/signal.c                         0x00000000   Number         0  defsig_abrt_inner.o ABSOLUTE
    ../clib/signal.c                         0x00000000   Number         0  defsig_fpe_inner.o ABSOLUTE
    ../clib/signal.c                         0x00000000   Number         0  defsig_rtred_inner.o ABSOLUTE
    ../clib/signal.c                         0x00000000   Number         0  defsig_stak_inner.o ABSOLUTE
    ../clib/signal.c                         0x00000000   Number         0  defsig_pvfn_inner.o ABSOLUTE
    ../clib/signal.c                         0x00000000   Number         0  defsig_cppl_inner.o ABSOLUTE
    ../clib/signal.c                         0x00000000   Number         0  defsig_segv_inner.o ABSOLUTE
    ../clib/signal.c                         0x00000000   Number         0  defsig_other.o ABSOLUTE
    ../clib/signal.s                         0x00000000   Number         0  defsig.o ABSOLUTE
    ../clib/stdlib.c                         0x00000000   Number         0  exit.o ABSOLUTE
    ../clib/string.c                         0x00000000   Number         0  strlen.o ABSOLUTE
    ../fplib/d2f.s                           0x00000000   Number         0  d2f.o ABSOLUTE
    ../fplib/daddsub.s                       0x00000000   Number         0  daddsub_clz.o ABSOLUTE
    ../fplib/ddiv.s                          0x00000000   Number         0  ddiv.o ABSOLUTE
    ../fplib/dflt.s                          0x00000000   Number         0  dflt_clz.o ABSOLUTE
    ../fplib/dmul.s                          0x00000000   Number         0  dmul.o ABSOLUTE
    ../fplib/dnaninf.s                       0x00000000   Number         0  dnaninf.o ABSOLUTE
    ../fplib/dretinf.s                       0x00000000   Number         0  dretinf.o ABSOLUTE
    ../fplib/f2d.s                           0x00000000   Number         0  f2d.o ABSOLUTE
    ../fplib/faddsub.s                       0x00000000   Number         0  faddsub_clz.o ABSOLUTE
    ../fplib/ffix.s                          0x00000000   Number         0  ffix.o ABSOLUTE
    ../fplib/fnaninf.s                       0x00000000   Number         0  fnaninf.o ABSOLUTE
    ../fplib/fpinit.s                        0x00000000   Number         0  fpinit.o ABSOLUTE
    ../fplib/fpinit_empty.s                  0x00000000   Number         0  fpinit_empty.o ABSOLUTE
    ../fplib/fretinf.s                       0x00000000   Number         0  fretinf.o ABSOLUTE
    ../fplib/frnd.s                          0x00000000   Number         0  frnd.o ABSOLUTE
    ../fplib/usenofp.s                       0x00000000   Number         0  usenofp.o ABSOLUTE
    ../mathlib/round.c                       0x00000000   Number         0  roundf.o ABSOLUTE
    RTE/Device/STM32F103C8/startup_stm32f10x_md.s 0x00000000   Number         0  startup_stm32f10x_md.o ABSOLUTE
    config.c                                 0x00000000   Number         0  config.o ABSOLUTE
    dc.s                                     0x00000000   Number         0  dc.o ABSOLUTE
    exti.c                                   0x00000000   Number         0  exti.o ABSOLUTE
    flash.c                                  0x00000000   Number         0  flash.o ABSOLUTE
    gpio.c                                   0x00000000   Number         0  gpio.o ABSOLUTE
    i2c.c                                    0x00000000   Number         0  i2c.o ABSOLUTE
    interrupt.c                              0x00000000   Number         0  interrupt.o ABSOLUTE
    main.c                                   0x00000000   Number         0  main.o ABSOLUTE
    misc.c                                   0x00000000   Number         0  misc.o ABSOLUTE
    mpu_6050.c                               0x00000000   Number         0  mpu_6050.o ABSOLUTE
    nvic.c                                   0x00000000   Number         0  nvic.o ABSOLUTE
    system_stm32f10x.c                       0x00000000   Number         0  system_stm32f10x.o ABSOLUTE
    timer.c                                  0x00000000   Number         0  timer.o ABSOLUTE
    uart.c                                   0x00000000   Number         0  uart.o ABSOLUTE
    RESET                                    0x08000000   Section      236  startup_stm32f10x_md.o(RESET)
    !!!main                                  0x080000ec   Section        8  __main.o(!!!main)
    !!!scatter                               0x080000f4   Section       52  __scatter.o(!!!scatter)
    !!handler_zi                             0x08000128   Section       28  __scatter_zi.o(!!handler_zi)
    .ARM.Collect$$libinit$$00000000          0x08000144   Section        2  libinit.o(.ARM.Collect$$libinit$$00000000)
    .ARM.Collect$$libinit$$00000002          0x08000146   Section        0  libinit2.o(.ARM.Collect$$libinit$$00000002)
    .ARM.Collect$$libinit$$00000004          0x08000146   Section        0  libinit2.o(.ARM.Collect$$libinit$$00000004)
    .ARM.Collect$$libinit$$0000000A          0x08000146   Section        0  libinit2.o(.ARM.Collect$$libinit$$0000000A)
    .ARM.Collect$$libinit$$0000000C          0x08000146   Section        0  libinit2.o(.ARM.Collect$$libinit$$0000000C)
    .ARM.Collect$$libinit$$0000000E          0x08000146   Section        0  libinit2.o(.ARM.Collect$$libinit$$0000000E)
    .ARM.Collect$$libinit$$00000011          0x08000146   Section        0  libinit2.o(.ARM.Collect$$libinit$$00000011)
    .ARM.Collect$$libinit$$00000013          0x08000146   Section        0  libinit2.o(.ARM.Collect$$libinit$$00000013)
    .ARM.Collect$$libinit$$00000015          0x08000146   Section        0  libinit2.o(.ARM.Collect$$libinit$$00000015)
    .ARM.Collect$$libinit$$00000017          0x08000146   Section        0  libinit2.o(.ARM.Collect$$libinit$$00000017)
    .ARM.Collect$$libinit$$00000019          0x08000146   Section        0  libinit2.o(.ARM.Collect$$libinit$$00000019)
    .ARM.Collect$$libinit$$0000001B          0x08000146   Section        0  libinit2.o(.ARM.Collect$$libinit$$0000001B)
    .ARM.Collect$$libinit$$0000001D          0x08000146   Section        0  libinit2.o(.ARM.Collect$$libinit$$0000001D)
    .ARM.Collect$$libinit$$0000001F          0x08000146   Section        0  libinit2.o(.ARM.Collect$$libinit$$0000001F)
    .ARM.Collect$$libinit$$00000021          0x08000146   Section        0  libinit2.o(.ARM.Collect$$libinit$$00000021)
    .ARM.Collect$$libinit$$00000023          0x08000146   Section        0  libinit2.o(.ARM.Collect$$libinit$$00000023)
    .ARM.Collect$$libinit$$00000025          0x08000146   Section        0  libinit2.o(.ARM.Collect$$libinit$$00000025)
    .ARM.Collect$$libinit$$0000002C          0x08000146   Section        0  libinit2.o(.ARM.Collect$$libinit$$0000002C)
    .ARM.Collect$$libinit$$0000002E          0x08000146   Section        0  libinit2.o(.ARM.Collect$$libinit$$0000002E)
    .ARM.Collect$$libinit$$00000030          0x08000146   Section        0  libinit2.o(.ARM.Collect$$libinit$$00000030)
    .ARM.Collect$$libinit$$00000032          0x08000146   Section        0  libinit2.o(.ARM.Collect$$libinit$$00000032)
    .ARM.Collect$$libinit$$00000033          0x08000146   Section        2  libinit2.o(.ARM.Collect$$libinit$$00000033)
    .ARM.Collect$$libshutdown$$00000000      0x08000148   Section        2  libshutdown.o(.ARM.Collect$$libshutdown$$00000000)
    .ARM.Collect$$libshutdown$$00000002      0x0800014a   Section        0  libshutdown2.o(.ARM.Collect$$libshutdown$$00000002)
    .ARM.Collect$$libshutdown$$00000004      0x0800014a   Section        0  libshutdown2.o(.ARM.Collect$$libshutdown$$00000004)
    .ARM.Collect$$libshutdown$$00000007      0x0800014a   Section        0  libshutdown2.o(.ARM.Collect$$libshutdown$$00000007)
    .ARM.Collect$$libshutdown$$0000000A      0x0800014a   Section        0  libshutdown2.o(.ARM.Collect$$libshutdown$$0000000A)
    .ARM.Collect$$libshutdown$$0000000C      0x0800014a   Section        0  libshutdown2.o(.ARM.Collect$$libshutdown$$0000000C)
    .ARM.Collect$$libshutdown$$0000000F      0x0800014a   Section        0  libshutdown2.o(.ARM.Collect$$libshutdown$$0000000F)
    .ARM.Collect$$libshutdown$$00000010      0x0800014a   Section        2  libshutdown2.o(.ARM.Collect$$libshutdown$$00000010)
    .ARM.Collect$$rtentry$$00000000          0x0800014c   Section        0  __rtentry.o(.ARM.Collect$$rtentry$$00000000)
    .ARM.Collect$$rtentry$$00000002          0x0800014c   Section        0  __rtentry2.o(.ARM.Collect$$rtentry$$00000002)
    .ARM.Collect$$rtentry$$00000004          0x0800014c   Section        6  __rtentry4.o(.ARM.Collect$$rtentry$$00000004)
    .ARM.Collect$$rtentry$$00000009          0x08000152   Section        0  __rtentry2.o(.ARM.Collect$$rtentry$$00000009)
    .ARM.Collect$$rtentry$$0000000A          0x08000152   Section        4  __rtentry2.o(.ARM.Collect$$rtentry$$0000000A)
    .ARM.Collect$$rtentry$$0000000C          0x08000156   Section        0  __rtentry2.o(.ARM.Collect$$rtentry$$0000000C)
    .ARM.Collect$$rtentry$$0000000D          0x08000156   Section        8  __rtentry2.o(.ARM.Collect$$rtentry$$0000000D)
    .ARM.Collect$$rtexit$$00000000           0x0800015e   Section        2  rtexit.o(.ARM.Collect$$rtexit$$00000000)
    .ARM.Collect$$rtexit$$00000002           0x08000160   Section        0  rtexit2.o(.ARM.Collect$$rtexit$$00000002)
    .ARM.Collect$$rtexit$$00000003           0x08000160   Section        4  rtexit2.o(.ARM.Collect$$rtexit$$00000003)
    .ARM.Collect$$rtexit$$00000004           0x08000164   Section        6  rtexit2.o(.ARM.Collect$$rtexit$$00000004)
    .text                                    0x0800016c   Section       64  startup_stm32f10x_md.o(.text)
    .text                                    0x080001ac   Section        0  heapauxi.o(.text)
    .text                                    0x080001b2   Section       74  sys_stackheap_outer.o(.text)
    .text                                    0x080001fc   Section        0  exit.o(.text)
    .text                                    0x08000210   Section        8  libspace.o(.text)
    .text                                    0x08000218   Section        0  sys_exit.o(.text)
    .text                                    0x08000224   Section        2  use_no_semi.o(.text)
    .text                                    0x08000226   Section        0  indicate_semi.o(.text)
    [Anonymous Symbol]                       0x08000228   Section        0  flash.o(.text.Flash_Erase)
    [Anonymous Symbol]                       0x08000270   Section        0  flash.o(.text.Flash_Read_Int)
    [Anonymous Symbol]                       0x08000274   Section        0  flash.o(.text.Flash_Unlock)
    [Anonymous Symbol]                       0x08000294   Section        0  flash.o(.text.Flash_Write_Int)
    SetSysClock                              0x080002dd   Thumb Code     8  system_stm32f10x.o(.text.SetSysClock)
    [Anonymous Symbol]                       0x080002dc   Section        0  system_stm32f10x.o(.text.SetSysClock)
    SetSysClockTo72                          0x080002e5   Thumb Code   190  system_stm32f10x.o(.text.SetSysClockTo72)
    [Anonymous Symbol]                       0x080002e4   Section        0  system_stm32f10x.o(.text.SetSysClockTo72)
    [Anonymous Symbol]                       0x080003a4   Section        0  system_stm32f10x.o(.text.SystemInit)
    [Anonymous Symbol]                       0x080003fc   Section        0  interrupt.o(.text.TIM1_UP_IRQHandler)
    [Anonymous Symbol]                       0x080005d4   Section        0  interrupt.o(.text.USART1_IRQHandler)
    __NVIC_EnableIRQ                         0x0800065d   Thumb Code    32  nvic.o(.text.__NVIC_EnableIRQ)
    [Anonymous Symbol]                       0x0800065c   Section        0  nvic.o(.text.__NVIC_EnableIRQ)
    __NVIC_SetPriority                       0x0800067d   Thumb Code    16  nvic.o(.text.__NVIC_SetPriority)
    [Anonymous Symbol]                       0x0800067c   Section        0  nvic.o(.text.__NVIC_SetPriority)
    __NVIC_SetPriorityGrouping               0x0800068d   Thumb Code    28  nvic.o(.text.__NVIC_SetPriorityGrouping)
    [Anonymous Symbol]                       0x0800068c   Section        0  nvic.o(.text.__NVIC_SetPriorityGrouping)
    [Anonymous Symbol]                       0x080006a8   Section        0  i2c.o(.text.addressI2c)
    [Anonymous Symbol]                       0x080006c0   Section        0  config.o(.text.config)
    [Anonymous Symbol]                       0x080006f0   Section        0  gpio.o(.text.configAFIO)
    [Anonymous Symbol]                       0x08000710   Section        0  gpio.o(.text.configGPIO)
    [Anonymous Symbol]                       0x08000738   Section        0  i2c.o(.text.configI2c)
    [Anonymous Symbol]                       0x08000790   Section        0  mpu_6050.o(.text.configMpu)
    [Anonymous Symbol]                       0x080007d8   Section        0  nvic.o(.text.configNVIC)
    [Anonymous Symbol]                       0x080007fc   Section        0  timer.o(.text.configTIM1)
    [Anonymous Symbol]                       0x08000830   Section        0  timer.o(.text.configTIM4)
    [Anonymous Symbol]                       0x08000864   Section        0  uart.o(.text.configUART1)
    [Anonymous Symbol]                       0x0800088c   Section        0  timer.o(.text.delayMs)
    [Anonymous Symbol]                       0x080008b0   Section        0  mpu_6050.o(.text.getAntiDriffCoefficient)
    [Anonymous Symbol]                       0x0800098c   Section        0  mpu_6050.o(.text.initMPU)
    [Anonymous Symbol]                       0x08000a78   Section        0  main.o(.text.main)
    [Anonymous Symbol]                       0x08000a80   Section        0  mpu_6050.o(.text.mpuRead)
    [Anonymous Symbol]                       0x08000ab4   Section        0  mpu_6050.o(.text.mpuReadGyro)
    [Anonymous Symbol]                       0x08000b64   Section        0  mpu_6050.o(.text.mpuWrite)
    [Anonymous Symbol]                       0x08000b88   Section        0  i2c.o(.text.readI2c)
    [Anonymous Symbol]                       0x08000c2c   Section        0  i2c.o(.text.startI2c)
    [Anonymous Symbol]                       0x08000c4c   Section        0  i2c.o(.text.stopI2c)
    [Anonymous Symbol]                       0x08000c60   Section        0  i2c.o(.text.writeI2c)
    i.roundf                                 0x08000c7c   Section        0  roundf.o(i.roundf)
    x$fpl$d2f                                0x08000cf0   Section       98  d2f.o(x$fpl$d2f)
    x$fpl$dadd                               0x08000d54   Section      336  daddsub_clz.o(x$fpl$dadd)
    _dadd1                                   0x08000d65   Thumb Code     0  daddsub_clz.o(x$fpl$dadd)
    x$fpl$ddiv                               0x08000ea4   Section      688  ddiv.o(x$fpl$ddiv)
    ddiv_entry                               0x08000eab   Thumb Code     0  ddiv.o(x$fpl$ddiv)
    x$fpl$dflt                               0x08001154   Section       46  dflt_clz.o(x$fpl$dflt)
    x$fpl$dfltu                              0x08001182   Section       38  dflt_clz.o(x$fpl$dfltu)
    x$fpl$dmul                               0x080011a8   Section      340  dmul.o(x$fpl$dmul)
    x$fpl$dnaninf                            0x080012fc   Section      156  dnaninf.o(x$fpl$dnaninf)
    x$fpl$dretinf                            0x08001398   Section       12  dretinf.o(x$fpl$dretinf)
    x$fpl$dsub                               0x080013a4   Section      468  daddsub_clz.o(x$fpl$dsub)
    _dsub1                                   0x080013b5   Thumb Code     0  daddsub_clz.o(x$fpl$dsub)
    x$fpl$f2d                                0x08001578   Section       86  f2d.o(x$fpl$f2d)
    x$fpl$fadd                               0x080015d0   Section      196  faddsub_clz.o(x$fpl$fadd)
    _fadd1                                   0x080015df   Thumb Code     0  faddsub_clz.o(x$fpl$fadd)
    x$fpl$ffix                               0x08001694   Section       54  ffix.o(x$fpl$ffix)
    x$fpl$fnaninf                            0x080016ca   Section      140  fnaninf.o(x$fpl$fnaninf)
    x$fpl$fretinf                            0x08001756   Section       10  fretinf.o(x$fpl$fretinf)
    x$fpl$frnd                               0x08001760   Section       96  frnd.o(x$fpl$frnd)
    x$fpl$fsub                               0x080017c0   Section      234  faddsub_clz.o(x$fpl$fsub)
    _fsub1                                   0x080017cf   Thumb Code     0  faddsub_clz.o(x$fpl$fsub)
    x$fpl$usenofp                            0x080018aa   Section        0  usenofp.o(x$fpl$usenofp)
    .bss                                     0x20000000   Section       96  libspace.o(.bss)
    Heap_Mem                                 0x200000a8   Data         512  startup_stm32f10x_md.o(HEAP)
    HEAP                                     0x200000a8   Section      512  startup_stm32f10x_md.o(HEAP)
    Stack_Mem                                0x200002a8   Data        1024  startup_stm32f10x_md.o(STACK)
    STACK                                    0x200002a8   Section     1024  startup_stm32f10x_md.o(STACK)
    __initial_sp                             0x200006a8   Data           0  startup_stm32f10x_md.o(STACK)

    Global Symbols

    Symbol Name                              Value     Ov Type        Size  Object(Section)

    BuildAttributes$$THM_ISAv4$P$D$K$B$S$PE$A:L22UL41UL21$X:L11$S22US41US21$IEEE1$IW$~IW$USESV6$~STKCKD$USESV7$~SHL$OTIME$ROPI$IEEEJ$EBA8$UX$STANDARDLIB$REQ8$PRES8$EABIv2 0x00000000   Number         0  anon$$obj.o ABSOLUTE
    __fp_init_empty                          0x00000000   Number         0  fpinit_empty.o ABSOLUTE
    __ARM_exceptions_init                     - Undefined Weak Reference
    __alloca_initialize                       - Undefined Weak Reference
    __arm_preinit_                            - Undefined Weak Reference
    __cpp_initialize__aeabi_                  - Undefined Weak Reference
    __cxa_finalize                            - Undefined Weak Reference
    __rt_locale                               - Undefined Weak Reference
    __sigvec_lookup                           - Undefined Weak Reference
    _atexit_init                              - Undefined Weak Reference
    _call_atexit_fns                          - Undefined Weak Reference
    _clock_init                               - Undefined Weak Reference
    _fp_trap_init                             - Undefined Weak Reference
    _fp_trap_shutdown                         - Undefined Weak Reference
    _get_lc_collate                           - Undefined Weak Reference
    _get_lc_ctype                             - Undefined Weak Reference
    _get_lc_monetary                          - Undefined Weak Reference
    _get_lc_numeric                           - Undefined Weak Reference
    _get_lc_time                              - Undefined Weak Reference
    _getenv_init                              - Undefined Weak Reference
    _handle_redirection                       - Undefined Weak Reference
    _init_alloc                               - Undefined Weak Reference
    _init_user_alloc                          - Undefined Weak Reference
    _initio                                   - Undefined Weak Reference
    _rand_init                                - Undefined Weak Reference
    _signal_finish                            - Undefined Weak Reference
    _signal_init                              - Undefined Weak Reference
    _terminate_alloc                          - Undefined Weak Reference
    _terminate_user_alloc                     - Undefined Weak Reference
    _terminateio                              - Undefined Weak Reference
    __Vectors_Size                           0x000000ec   Number         0  startup_stm32f10x_md.o ABSOLUTE
    __Vectors                                0x08000000   Data           4  startup_stm32f10x_md.o(RESET)
    __Vectors_End                            0x080000ec   Data           0  startup_stm32f10x_md.o(RESET)
    __main                                   0x080000ed   Thumb Code     8  __main.o(!!!main)
    __scatterload                            0x080000f5   Thumb Code     0  __scatter.o(!!!scatter)
    __scatterload_rt2                        0x080000f5   Thumb Code    44  __scatter.o(!!!scatter)
    __scatterload_rt2_thumb_only             0x080000f5   Thumb Code     0  __scatter.o(!!!scatter)
    __scatterload_null                       0x08000103   Thumb Code     0  __scatter.o(!!!scatter)
    __scatterload_zeroinit                   0x08000129   Thumb Code    28  __scatter_zi.o(!!handler_zi)
    __rt_lib_init                            0x08000145   Thumb Code     0  libinit.o(.ARM.Collect$$libinit$$00000000)
    __rt_lib_init_alloca_1                   0x08000147   Thumb Code     0  libinit2.o(.ARM.Collect$$libinit$$0000002E)
    __rt_lib_init_argv_1                     0x08000147   Thumb Code     0  libinit2.o(.ARM.Collect$$libinit$$0000002C)
    __rt_lib_init_atexit_1                   0x08000147   Thumb Code     0  libinit2.o(.ARM.Collect$$libinit$$0000001B)
    __rt_lib_init_clock_1                    0x08000147   Thumb Code     0  libinit2.o(.ARM.Collect$$libinit$$00000021)
    __rt_lib_init_cpp_1                      0x08000147   Thumb Code     0  libinit2.o(.ARM.Collect$$libinit$$00000032)
    __rt_lib_init_exceptions_1               0x08000147   Thumb Code     0  libinit2.o(.ARM.Collect$$libinit$$00000030)
    __rt_lib_init_fp_1                       0x08000147   Thumb Code     0  libinit2.o(.ARM.Collect$$libinit$$00000002)
    __rt_lib_init_fp_trap_1                  0x08000147   Thumb Code     0  libinit2.o(.ARM.Collect$$libinit$$0000001F)
    __rt_lib_init_getenv_1                   0x08000147   Thumb Code     0  libinit2.o(.ARM.Collect$$libinit$$00000023)
    __rt_lib_init_heap_1                     0x08000147   Thumb Code     0  libinit2.o(.ARM.Collect$$libinit$$0000000A)
    __rt_lib_init_lc_collate_1               0x08000147   Thumb Code     0  libinit2.o(.ARM.Collect$$libinit$$00000011)
    __rt_lib_init_lc_ctype_1                 0x08000147   Thumb Code     0  libinit2.o(.ARM.Collect$$libinit$$00000013)
    __rt_lib_init_lc_monetary_1              0x08000147   Thumb Code     0  libinit2.o(.ARM.Collect$$libinit$$00000015)
    __rt_lib_init_lc_numeric_1               0x08000147   Thumb Code     0  libinit2.o(.ARM.Collect$$libinit$$00000017)
    __rt_lib_init_lc_time_1                  0x08000147   Thumb Code     0  libinit2.o(.ARM.Collect$$libinit$$00000019)
    __rt_lib_init_preinit_1                  0x08000147   Thumb Code     0  libinit2.o(.ARM.Collect$$libinit$$00000004)
    __rt_lib_init_rand_1                     0x08000147   Thumb Code     0  libinit2.o(.ARM.Collect$$libinit$$0000000E)
    __rt_lib_init_return                     0x08000147   Thumb Code     0  libinit2.o(.ARM.Collect$$libinit$$00000033)
    __rt_lib_init_signal_1                   0x08000147   Thumb Code     0  libinit2.o(.ARM.Collect$$libinit$$0000001D)
    __rt_lib_init_stdio_1                    0x08000147   Thumb Code     0  libinit2.o(.ARM.Collect$$libinit$$00000025)
    __rt_lib_init_user_alloc_1               0x08000147   Thumb Code     0  libinit2.o(.ARM.Collect$$libinit$$0000000C)
    __rt_lib_shutdown                        0x08000149   Thumb Code     0  libshutdown.o(.ARM.Collect$$libshutdown$$00000000)
    __rt_lib_shutdown_cpp_1                  0x0800014b   Thumb Code     0  libshutdown2.o(.ARM.Collect$$libshutdown$$00000002)
    __rt_lib_shutdown_fp_trap_1              0x0800014b   Thumb Code     0  libshutdown2.o(.ARM.Collect$$libshutdown$$00000007)
    __rt_lib_shutdown_heap_1                 0x0800014b   Thumb Code     0  libshutdown2.o(.ARM.Collect$$libshutdown$$0000000F)
    __rt_lib_shutdown_return                 0x0800014b   Thumb Code     0  libshutdown2.o(.ARM.Collect$$libshutdown$$00000010)
    __rt_lib_shutdown_signal_1               0x0800014b   Thumb Code     0  libshutdown2.o(.ARM.Collect$$libshutdown$$0000000A)
    __rt_lib_shutdown_stdio_1                0x0800014b   Thumb Code     0  libshutdown2.o(.ARM.Collect$$libshutdown$$00000004)
    __rt_lib_shutdown_user_alloc_1           0x0800014b   Thumb Code     0  libshutdown2.o(.ARM.Collect$$libshutdown$$0000000C)
    __rt_entry                               0x0800014d   Thumb Code     0  __rtentry.o(.ARM.Collect$$rtentry$$00000000)
    __rt_entry_presh_1                       0x0800014d   Thumb Code     0  __rtentry2.o(.ARM.Collect$$rtentry$$00000002)
    __rt_entry_sh                            0x0800014d   Thumb Code     0  __rtentry4.o(.ARM.Collect$$rtentry$$00000004)
    __rt_entry_li                            0x08000153   Thumb Code     0  __rtentry2.o(.ARM.Collect$$rtentry$$0000000A)
    __rt_entry_postsh_1                      0x08000153   Thumb Code     0  __rtentry2.o(.ARM.Collect$$rtentry$$00000009)
    __rt_entry_main                          0x08000157   Thumb Code     0  __rtentry2.o(.ARM.Collect$$rtentry$$0000000D)
    __rt_entry_postli_1                      0x08000157   Thumb Code     0  __rtentry2.o(.ARM.Collect$$rtentry$$0000000C)
    __rt_exit                                0x0800015f   Thumb Code     0  rtexit.o(.ARM.Collect$$rtexit$$00000000)
    __rt_exit_ls                             0x08000161   Thumb Code     0  rtexit2.o(.ARM.Collect$$rtexit$$00000003)
    __rt_exit_prels_1                        0x08000161   Thumb Code     0  rtexit2.o(.ARM.Collect$$rtexit$$00000002)
    __rt_exit_exit                           0x08000165   Thumb Code     0  rtexit2.o(.ARM.Collect$$rtexit$$00000004)
    Reset_Handler                            0x0800016d   Thumb Code     8  startup_stm32f10x_md.o(.text)
    NMI_Handler                              0x08000175   Thumb Code     2  startup_stm32f10x_md.o(.text)
    HardFault_Handler                        0x08000177   Thumb Code     2  startup_stm32f10x_md.o(.text)
    MemManage_Handler                        0x08000179   Thumb Code     2  startup_stm32f10x_md.o(.text)
    BusFault_Handler                         0x0800017b   Thumb Code     2  startup_stm32f10x_md.o(.text)
    UsageFault_Handler                       0x0800017d   Thumb Code     2  startup_stm32f10x_md.o(.text)
    SVC_Handler                              0x0800017f   Thumb Code     2  startup_stm32f10x_md.o(.text)
    DebugMon_Handler                         0x08000181   Thumb Code     2  startup_stm32f10x_md.o(.text)
    PendSV_Handler                           0x08000183   Thumb Code     2  startup_stm32f10x_md.o(.text)
    SysTick_Handler                          0x08000185   Thumb Code     2  startup_stm32f10x_md.o(.text)
    ADC1_2_IRQHandler                        0x08000187   Thumb Code     0  startup_stm32f10x_md.o(.text)
    CAN1_RX1_IRQHandler                      0x08000187   Thumb Code     0  startup_stm32f10x_md.o(.text)
    CAN1_SCE_IRQHandler                      0x08000187   Thumb Code     0  startup_stm32f10x_md.o(.text)
    DMA1_Channel1_IRQHandler                 0x08000187   Thumb Code     0  startup_stm32f10x_md.o(.text)
    DMA1_Channel2_IRQHandler                 0x08000187   Thumb Code     0  startup_stm32f10x_md.o(.text)
    DMA1_Channel3_IRQHandler                 0x08000187   Thumb Code     0  startup_stm32f10x_md.o(.text)
    DMA1_Channel4_IRQHandler                 0x08000187   Thumb Code     0  startup_stm32f10x_md.o(.text)
    DMA1_Channel5_IRQHandler                 0x08000187   Thumb Code     0  startup_stm32f10x_md.o(.text)
    DMA1_Channel6_IRQHandler                 0x08000187   Thumb Code     0  startup_stm32f10x_md.o(.text)
    DMA1_Channel7_IRQHandler                 0x08000187   Thumb Code     0  startup_stm32f10x_md.o(.text)
    EXTI0_IRQHandler                         0x08000187   Thumb Code     0  startup_stm32f10x_md.o(.text)
    EXTI15_10_IRQHandler                     0x08000187   Thumb Code     0  startup_stm32f10x_md.o(.text)
    EXTI1_IRQHandler                         0x08000187   Thumb Code     0  startup_stm32f10x_md.o(.text)
    EXTI2_IRQHandler                         0x08000187   Thumb Code     0  startup_stm32f10x_md.o(.text)
    EXTI3_IRQHandler                         0x08000187   Thumb Code     0  startup_stm32f10x_md.o(.text)
    EXTI4_IRQHandler                         0x08000187   Thumb Code     0  startup_stm32f10x_md.o(.text)
    EXTI9_5_IRQHandler                       0x08000187   Thumb Code     0  startup_stm32f10x_md.o(.text)
    FLASH_IRQHandler                         0x08000187   Thumb Code     0  startup_stm32f10x_md.o(.text)
    I2C1_ER_IRQHandler                       0x08000187   Thumb Code     0  startup_stm32f10x_md.o(.text)
    I2C1_EV_IRQHandler                       0x08000187   Thumb Code     0  startup_stm32f10x_md.o(.text)
    I2C2_ER_IRQHandler                       0x08000187   Thumb Code     0  startup_stm32f10x_md.o(.text)
    I2C2_EV_IRQHandler                       0x08000187   Thumb Code     0  startup_stm32f10x_md.o(.text)
    PVD_IRQHandler                           0x08000187   Thumb Code     0  startup_stm32f10x_md.o(.text)
    RCC_IRQHandler                           0x08000187   Thumb Code     0  startup_stm32f10x_md.o(.text)
    RTCAlarm_IRQHandler                      0x08000187   Thumb Code     0  startup_stm32f10x_md.o(.text)
    RTC_IRQHandler                           0x08000187   Thumb Code     0  startup_stm32f10x_md.o(.text)
    SPI1_IRQHandler                          0x08000187   Thumb Code     0  startup_stm32f10x_md.o(.text)
    SPI2_IRQHandler                          0x08000187   Thumb Code     0  startup_stm32f10x_md.o(.text)
    TAMPER_IRQHandler                        0x08000187   Thumb Code     0  startup_stm32f10x_md.o(.text)
    TIM1_BRK_IRQHandler                      0x08000187   Thumb Code     0  startup_stm32f10x_md.o(.text)
    TIM1_CC_IRQHandler                       0x08000187   Thumb Code     0  startup_stm32f10x_md.o(.text)
    TIM1_TRG_COM_IRQHandler                  0x08000187   Thumb Code     0  startup_stm32f10x_md.o(.text)
    TIM2_IRQHandler                          0x08000187   Thumb Code     0  startup_stm32f10x_md.o(.text)
    TIM3_IRQHandler                          0x08000187   Thumb Code     0  startup_stm32f10x_md.o(.text)
    TIM4_IRQHandler                          0x08000187   Thumb Code     0  startup_stm32f10x_md.o(.text)
    USART2_IRQHandler                        0x08000187   Thumb Code     0  startup_stm32f10x_md.o(.text)
    USART3_IRQHandler                        0x08000187   Thumb Code     0  startup_stm32f10x_md.o(.text)
    USBWakeUp_IRQHandler                     0x08000187   Thumb Code     0  startup_stm32f10x_md.o(.text)
    USB_HP_CAN1_TX_IRQHandler                0x08000187   Thumb Code     0  startup_stm32f10x_md.o(.text)
    USB_LP_CAN1_RX0_IRQHandler               0x08000187   Thumb Code     0  startup_stm32f10x_md.o(.text)
    WWDG_IRQHandler                          0x08000187   Thumb Code     0  startup_stm32f10x_md.o(.text)
    __user_initial_stackheap                 0x08000189   Thumb Code     0  startup_stm32f10x_md.o(.text)
    __use_two_region_memory                  0x080001ad   Thumb Code     2  heapauxi.o(.text)
    __rt_heap_escrow$2region                 0x080001af   Thumb Code     2  heapauxi.o(.text)
    __rt_heap_expand$2region                 0x080001b1   Thumb Code     2  heapauxi.o(.text)
    __user_setup_stackheap                   0x080001b3   Thumb Code    74  sys_stackheap_outer.o(.text)
    exit                                     0x080001fd   Thumb Code    18  exit.o(.text)
    __user_libspace                          0x08000211   Thumb Code     8  libspace.o(.text)
    __user_perproc_libspace                  0x08000211   Thumb Code     0  libspace.o(.text)
    __user_perthread_libspace                0x08000211   Thumb Code     0  libspace.o(.text)
    _sys_exit                                0x08000219   Thumb Code     8  sys_exit.o(.text)
    __I$use$semihosting                      0x08000225   Thumb Code     0  use_no_semi.o(.text)
    __use_no_semihosting_swi                 0x08000225   Thumb Code     2  use_no_semi.o(.text)
    __semihosting_library_function           0x08000227   Thumb Code     0  indicate_semi.o(.text)
    Flash_Erase                              0x08000229   Thumb Code    70  flash.o(.text.Flash_Erase)
    Flash_Read_Int                           0x08000271   Thumb Code     4  flash.o(.text.Flash_Read_Int)
    Flash_Unlock                             0x08000275   Thumb Code    30  flash.o(.text.Flash_Unlock)
    Flash_Write_Int                          0x08000295   Thumb Code    70  flash.o(.text.Flash_Write_Int)
    SystemInit                               0x080003a5   Thumb Code    86  system_stm32f10x.o(.text.SystemInit)
    TIM1_UP_IRQHandler                       0x080003fd   Thumb Code   472  interrupt.o(.text.TIM1_UP_IRQHandler)
    USART1_IRQHandler                        0x080005d5   Thumb Code   136  interrupt.o(.text.USART1_IRQHandler)
    addressI2c                               0x080006a9   Thumb Code    24  i2c.o(.text.addressI2c)
    config                                   0x080006c1   Thumb Code    48  config.o(.text.config)
    configAFIO                               0x080006f1   Thumb Code    32  gpio.o(.text.configAFIO)
    configGPIO                               0x08000711   Thumb Code    40  gpio.o(.text.configGPIO)
    configI2c                                0x08000739   Thumb Code    86  i2c.o(.text.configI2c)
    configMpu                                0x08000791   Thumb Code    70  mpu_6050.o(.text.configMpu)
    configNVIC                               0x080007d9   Thumb Code    36  nvic.o(.text.configNVIC)
    configTIM1                               0x080007fd   Thumb Code    52  timer.o(.text.configTIM1)
    configTIM4                               0x08000831   Thumb Code    52  timer.o(.text.configTIM4)
    configUART1                              0x08000865   Thumb Code    38  uart.o(.text.configUART1)
    delayMs                                  0x0800088d   Thumb Code    36  timer.o(.text.delayMs)
    getAntiDriffCoefficient                  0x080008b1   Thumb Code   220  mpu_6050.o(.text.getAntiDriffCoefficient)
    initMPU                                  0x0800098d   Thumb Code   234  mpu_6050.o(.text.initMPU)
    main                                     0x08000a79   Thumb Code     6  main.o(.text.main)
    mpuRead                                  0x08000a81   Thumb Code    52  mpu_6050.o(.text.mpuRead)
    mpuReadGyro                              0x08000ab5   Thumb Code   174  mpu_6050.o(.text.mpuReadGyro)
    mpuWrite                                 0x08000b65   Thumb Code    36  mpu_6050.o(.text.mpuWrite)
    readI2c                                  0x08000b89   Thumb Code   162  i2c.o(.text.readI2c)
    startI2c                                 0x08000c2d   Thumb Code    32  i2c.o(.text.startI2c)
    stopI2c                                  0x08000c4d   Thumb Code    18  i2c.o(.text.stopI2c)
    writeI2c                                 0x08000c61   Thumb Code    28  i2c.o(.text.writeI2c)
    roundf                                   0x08000c7d   Thumb Code   114  roundf.o(i.roundf)
    __aeabi_d2f                              0x08000cf1   Thumb Code     0  d2f.o(x$fpl$d2f)
    _d2f                                     0x08000cf1   Thumb Code    98  d2f.o(x$fpl$d2f)
    __aeabi_dadd                             0x08000d55   Thumb Code     0  daddsub_clz.o(x$fpl$dadd)
    _dadd                                    0x08000d55   Thumb Code   332  daddsub_clz.o(x$fpl$dadd)
    __aeabi_ddiv                             0x08000ea5   Thumb Code     0  ddiv.o(x$fpl$ddiv)
    _ddiv                                    0x08000ea5   Thumb Code   552  ddiv.o(x$fpl$ddiv)
    __aeabi_i2d                              0x08001155   Thumb Code     0  dflt_clz.o(x$fpl$dflt)
    _dflt                                    0x08001155   Thumb Code    46  dflt_clz.o(x$fpl$dflt)
    __aeabi_ui2d                             0x08001183   Thumb Code     0  dflt_clz.o(x$fpl$dfltu)
    _dfltu                                   0x08001183   Thumb Code    38  dflt_clz.o(x$fpl$dfltu)
    __aeabi_dmul                             0x080011a9   Thumb Code     0  dmul.o(x$fpl$dmul)
    _dmul                                    0x080011a9   Thumb Code   332  dmul.o(x$fpl$dmul)
    __fpl_dnaninf                            0x080012fd   Thumb Code   156  dnaninf.o(x$fpl$dnaninf)
    __fpl_dretinf                            0x08001399   Thumb Code    12  dretinf.o(x$fpl$dretinf)
    __aeabi_dsub                             0x080013a5   Thumb Code     0  daddsub_clz.o(x$fpl$dsub)
    _dsub                                    0x080013a5   Thumb Code   464  daddsub_clz.o(x$fpl$dsub)
    __aeabi_f2d                              0x08001579   Thumb Code     0  f2d.o(x$fpl$f2d)
    _f2d                                     0x08001579   Thumb Code    86  f2d.o(x$fpl$f2d)
    __aeabi_fadd                             0x080015d1   Thumb Code     0  faddsub_clz.o(x$fpl$fadd)
    _fadd                                    0x080015d1   Thumb Code   196  faddsub_clz.o(x$fpl$fadd)
    __aeabi_f2iz                             0x08001695   Thumb Code     0  ffix.o(x$fpl$ffix)
    _ffix                                    0x08001695   Thumb Code    54  ffix.o(x$fpl$ffix)
    __fpl_fnaninf                            0x080016cb   Thumb Code   140  fnaninf.o(x$fpl$fnaninf)
    __fpl_fretinf                            0x08001757   Thumb Code    10  fretinf.o(x$fpl$fretinf)
    _frnd                                    0x08001761   Thumb Code    96  frnd.o(x$fpl$frnd)
    __aeabi_fsub                             0x080017c1   Thumb Code     0  faddsub_clz.o(x$fpl$fsub)
    _fsub                                    0x080017c1   Thumb Code   234  faddsub_clz.o(x$fpl$fsub)
    __I$use$fp                               0x080018aa   Number         0  usenofp.o(x$fpl$usenofp)
    Region$$Table$$Base                      0x080018ac   Number         0  anon$$obj.o(Region$$Table)
    Region$$Table$$Limit                     0x080018bc   Number         0  anon$$obj.o(Region$$Table)
    __libspace_start                         0x20000000   Data          96  libspace.o(.bss)
    Gx                                       0x20000060   Data           4  main.o(.bss.Gx)
    __temporary_stack_top$libspace           0x20000060   Data           0  libspace.o(.bss)
    Gy                                       0x20000064   Data           4  main.o(.bss.Gy)
    Gyro_X_RAW                               0x20000068   Data           2  mpu_6050.o(.bss.Gyro_X_RAW)
    Gyro_Y_RAW                               0x2000006a   Data           2  mpu_6050.o(.bss.Gyro_Y_RAW)
    Gyro_Z_RAW                               0x2000006c   Data           2  mpu_6050.o(.bss.Gyro_Z_RAW)
    Gz                                       0x20000070   Data           4  main.o(.bss.Gz)
    check                                    0x20000074   Data           4  main.o(.bss.check)
    driffVal                                 0x20000078   Data           6  mpu_6050.o(.bss.driffVal)
    i                                        0x2000007e   Data           1  interrupt.o(.bss.i)
    rx_buff                                  0x2000007f   Data           4  interrupt.o(.bss.rx_buff)
    tx                                       0x20000083   Data           1  interrupt.o(.bss.tx)
    xA                                       0x20000084   Data           2  interrupt.o(.bss.xA)
    xAngle                                   0x20000086   Data           2  main.o(.bss.xAngle)
    xLastVal                                 0x20000088   Data           4  interrupt.o(.bss.xLastVal)
    xVal                                     0x2000008c   Data           2  interrupt.o(.bss.xVal)
    yA                                       0x2000008e   Data           2  interrupt.o(.bss.yA)
    yAngle                                   0x20000090   Data           2  main.o(.bss.yAngle)
    yLastVal                                 0x20000094   Data           4  interrupt.o(.bss.yLastVal)
    yVal                                     0x20000098   Data           2  interrupt.o(.bss.yVal)
    z                                        0x2000009a   Data           2  interrupt.o(.bss.z)
    zA                                       0x2000009c   Data           2  interrupt.o(.bss.zA)
    zAngle                                   0x2000009e   Data           2  main.o(.bss.zAngle)
    zLastVal                                 0x200000a0   Data           4  interrupt.o(.bss.zLastVal)
    zVal                                     0x200000a4   Data           2  interrupt.o(.bss.zVal)



==============================================================================

Memory Map of the image

  Image Entry point : 0x0800016d

  Load Region LR_1 (Base: 0x08000000, Size: 0x000018bc, Max: 0xffffffff, ABSOLUTE)

    Execution Region ER_RO (Exec base: 0x08000000, Load base: 0x08000000, Size: 0x000018bc, Max: 0xffffffff, ABSOLUTE)

    Exec Addr    Load Addr    Size         Type   Attr      Idx    E Section Name        Object

    0x08000000   0x08000000   0x000000ec   Data   RO          214    RESET               startup_stm32f10x_md.o
    0x080000ec   0x080000ec   0x00000008   Code   RO          245  * !!!main             c_w.l(__main.o)
    0x080000f4   0x080000f4   0x00000034   Code   RO          453    !!!scatter          c_w.l(__scatter.o)
    0x08000128   0x08000128   0x0000001c   Code   RO          455    !!handler_zi        c_w.l(__scatter_zi.o)
    0x08000144   0x08000144   0x00000002   Code   RO          317    .ARM.Collect$$libinit$$00000000  c_w.l(libinit.o)
    0x08000146   0x08000146   0x00000000   Code   RO          324    .ARM.Collect$$libinit$$00000002  c_w.l(libinit2.o)
    0x08000146   0x08000146   0x00000000   Code   RO          326    .ARM.Collect$$libinit$$00000004  c_w.l(libinit2.o)
    0x08000146   0x08000146   0x00000000   Code   RO          329    .ARM.Collect$$libinit$$0000000A  c_w.l(libinit2.o)
    0x08000146   0x08000146   0x00000000   Code   RO          331    .ARM.Collect$$libinit$$0000000C  c_w.l(libinit2.o)
    0x08000146   0x08000146   0x00000000   Code   RO          333    .ARM.Collect$$libinit$$0000000E  c_w.l(libinit2.o)
    0x08000146   0x08000146   0x00000000   Code   RO          336    .ARM.Collect$$libinit$$00000011  c_w.l(libinit2.o)
    0x08000146   0x08000146   0x00000000   Code   RO          338    .ARM.Collect$$libinit$$00000013  c_w.l(libinit2.o)
    0x08000146   0x08000146   0x00000000   Code   RO          340    .ARM.Collect$$libinit$$00000015  c_w.l(libinit2.o)
    0x08000146   0x08000146   0x00000000   Code   RO          342    .ARM.Collect$$libinit$$00000017  c_w.l(libinit2.o)
    0x08000146   0x08000146   0x00000000   Code   RO          344    .ARM.Collect$$libinit$$00000019  c_w.l(libinit2.o)
    0x08000146   0x08000146   0x00000000   Code   RO          346    .ARM.Collect$$libinit$$0000001B  c_w.l(libinit2.o)
    0x08000146   0x08000146   0x00000000   Code   RO          348    .ARM.Collect$$libinit$$0000001D  c_w.l(libinit2.o)
    0x08000146   0x08000146   0x00000000   Code   RO          350    .ARM.Collect$$libinit$$0000001F  c_w.l(libinit2.o)
    0x08000146   0x08000146   0x00000000   Code   RO          352    .ARM.Collect$$libinit$$00000021  c_w.l(libinit2.o)
    0x08000146   0x08000146   0x00000000   Code   RO          354    .ARM.Collect$$libinit$$00000023  c_w.l(libinit2.o)
    0x08000146   0x08000146   0x00000000   Code   RO          356    .ARM.Collect$$libinit$$00000025  c_w.l(libinit2.o)
    0x08000146   0x08000146   0x00000000   Code   RO          360    .ARM.Collect$$libinit$$0000002C  c_w.l(libinit2.o)
    0x08000146   0x08000146   0x00000000   Code   RO          362    .ARM.Collect$$libinit$$0000002E  c_w.l(libinit2.o)
    0x08000146   0x08000146   0x00000000   Code   RO          364    .ARM.Collect$$libinit$$00000030  c_w.l(libinit2.o)
    0x08000146   0x08000146   0x00000000   Code   RO          366    .ARM.Collect$$libinit$$00000032  c_w.l(libinit2.o)
    0x08000146   0x08000146   0x00000002   Code   RO          367    .ARM.Collect$$libinit$$00000033  c_w.l(libinit2.o)
    0x08000148   0x08000148   0x00000002   Code   RO          389    .ARM.Collect$$libshutdown$$00000000  c_w.l(libshutdown.o)
    0x0800014a   0x0800014a   0x00000000   Code   RO          404    .ARM.Collect$$libshutdown$$00000002  c_w.l(libshutdown2.o)
    0x0800014a   0x0800014a   0x00000000   Code   RO          406    .ARM.Collect$$libshutdown$$00000004  c_w.l(libshutdown2.o)
    0x0800014a   0x0800014a   0x00000000   Code   RO          409    .ARM.Collect$$libshutdown$$00000007  c_w.l(libshutdown2.o)
    0x0800014a   0x0800014a   0x00000000   Code   RO          412    .ARM.Collect$$libshutdown$$0000000A  c_w.l(libshutdown2.o)
    0x0800014a   0x0800014a   0x00000000   Code   RO          414    .ARM.Collect$$libshutdown$$0000000C  c_w.l(libshutdown2.o)
    0x0800014a   0x0800014a   0x00000000   Code   RO          417    .ARM.Collect$$libshutdown$$0000000F  c_w.l(libshutdown2.o)
    0x0800014a   0x0800014a   0x00000002   Code   RO          418    .ARM.Collect$$libshutdown$$00000010  c_w.l(libshutdown2.o)
    0x0800014c   0x0800014c   0x00000000   Code   RO          275    .ARM.Collect$$rtentry$$00000000  c_w.l(__rtentry.o)
    0x0800014c   0x0800014c   0x00000000   Code   RO          294    .ARM.Collect$$rtentry$$00000002  c_w.l(__rtentry2.o)
    0x0800014c   0x0800014c   0x00000006   Code   RO          306    .ARM.Collect$$rtentry$$00000004  c_w.l(__rtentry4.o)
    0x08000152   0x08000152   0x00000000   Code   RO          296    .ARM.Collect$$rtentry$$00000009  c_w.l(__rtentry2.o)
    0x08000152   0x08000152   0x00000004   Code   RO          297    .ARM.Collect$$rtentry$$0000000A  c_w.l(__rtentry2.o)
    0x08000156   0x08000156   0x00000000   Code   RO          299    .ARM.Collect$$rtentry$$0000000C  c_w.l(__rtentry2.o)
    0x08000156   0x08000156   0x00000008   Code   RO          300    .ARM.Collect$$rtentry$$0000000D  c_w.l(__rtentry2.o)
    0x0800015e   0x0800015e   0x00000002   Code   RO          321    .ARM.Collect$$rtexit$$00000000  c_w.l(rtexit.o)
    0x08000160   0x08000160   0x00000000   Code   RO          369    .ARM.Collect$$rtexit$$00000002  c_w.l(rtexit2.o)
    0x08000160   0x08000160   0x00000004   Code   RO          370    .ARM.Collect$$rtexit$$00000003  c_w.l(rtexit2.o)
    0x08000164   0x08000164   0x00000006   Code   RO          371    .ARM.Collect$$rtexit$$00000004  c_w.l(rtexit2.o)
    0x0800016a   0x0800016a   0x00000002   PAD
    0x0800016c   0x0800016c   0x00000040   Code   RO          215  * .text               startup_stm32f10x_md.o
    0x080001ac   0x080001ac   0x00000006   Code   RO          243    .text               c_w.l(heapauxi.o)
    0x080001b2   0x080001b2   0x0000004a   Code   RO          308    .text               c_w.l(sys_stackheap_outer.o)
    0x080001fc   0x080001fc   0x00000012   Code   RO          310    .text               c_w.l(exit.o)
    0x0800020e   0x0800020e   0x00000002   PAD
    0x08000210   0x08000210   0x00000008   Code   RO          318    .text               c_w.l(libspace.o)
    0x08000218   0x08000218   0x0000000c   Code   RO          379    .text               c_w.l(sys_exit.o)
    0x08000224   0x08000224   0x00000002   Code   RO          394    .text               c_w.l(use_no_semi.o)
    0x08000226   0x08000226   0x00000000   Code   RO          396    .text               c_w.l(indicate_semi.o)
    0x08000226   0x08000226   0x00000002   PAD
    0x08000228   0x08000228   0x00000046   Code   RO          161    .text.Flash_Erase   flash.o
    0x0800026e   0x0800026e   0x00000002   PAD
    0x08000270   0x08000270   0x00000004   Code   RO          165    .text.Flash_Read_Int  flash.o
    0x08000274   0x08000274   0x0000001e   Code   RO          159    .text.Flash_Unlock  flash.o
    0x08000292   0x08000292   0x00000002   PAD
    0x08000294   0x08000294   0x00000046   Code   RO          163    .text.Flash_Write_Int  flash.o
    0x080002da   0x080002da   0x00000002   PAD
    0x080002dc   0x080002dc   0x00000008   Code   RO          224    .text.SetSysClock   system_stm32f10x.o
    0x080002e4   0x080002e4   0x000000be   Code   RO          228    .text.SetSysClockTo72  system_stm32f10x.o
    0x080003a2   0x080003a2   0x00000002   PAD
    0x080003a4   0x080003a4   0x00000056   Code   RO          222    .text.SystemInit    system_stm32f10x.o
    0x080003fa   0x080003fa   0x00000002   PAD
    0x080003fc   0x080003fc   0x000001d8   Code   RO          112    .text.TIM1_UP_IRQHandler  interrupt.o
    0x080005d4   0x080005d4   0x00000088   Code   RO          114    .text.USART1_IRQHandler  interrupt.o
    0x0800065c   0x0800065c   0x00000020   Code   RO          145    .text.__NVIC_EnableIRQ  nvic.o
    0x0800067c   0x0800067c   0x00000010   Code   RO          143    .text.__NVIC_SetPriority  nvic.o
    0x0800068c   0x0800068c   0x0000001c   Code   RO          141    .text.__NVIC_SetPriorityGrouping  nvic.o
    0x080006a8   0x080006a8   0x00000018   Code   RO           27    .text.addressI2c    i2c.o
    0x080006c0   0x080006c0   0x00000030   Code   RO           83    .text.config        config.o
    0x080006f0   0x080006f0   0x00000020   Code   RO           74    .text.configAFIO    gpio.o
    0x08000710   0x08000710   0x00000028   Code   RO           72    .text.configGPIO    gpio.o
    0x08000738   0x08000738   0x00000056   Code   RO           21    .text.configI2c     i2c.o
    0x0800078e   0x0800078e   0x00000002   PAD
    0x08000790   0x08000790   0x00000046   Code   RO           43    .text.configMpu     mpu_6050.o
    0x080007d6   0x080007d6   0x00000002   PAD
    0x080007d8   0x080007d8   0x00000024   Code   RO          139    .text.configNVIC    nvic.o
    0x080007fc   0x080007fc   0x00000034   Code   RO           91    .text.configTIM1    timer.o
    0x08000830   0x08000830   0x00000034   Code   RO           93    .text.configTIM4    timer.o
    0x08000864   0x08000864   0x00000026   Code   RO          182    .text.configUART1   uart.o
    0x0800088a   0x0800088a   0x00000002   PAD
    0x0800088c   0x0800088c   0x00000024   Code   RO           95    .text.delayMs       timer.o
    0x080008b0   0x080008b0   0x000000dc   Code   RO           53    .text.getAntiDriffCoefficient  mpu_6050.o
    0x0800098c   0x0800098c   0x000000ea   Code   RO           55    .text.initMPU       mpu_6050.o
    0x08000a76   0x08000a76   0x00000002   PAD
    0x08000a78   0x08000a78   0x00000006   Code   RO            2    .text.main          main.o
    0x08000a7e   0x08000a7e   0x00000002   PAD
    0x08000a80   0x08000a80   0x00000034   Code   RO           45    .text.mpuRead       mpu_6050.o
    0x08000ab4   0x08000ab4   0x000000ae   Code   RO           51    .text.mpuReadGyro   mpu_6050.o
    0x08000b62   0x08000b62   0x00000002   PAD
    0x08000b64   0x08000b64   0x00000024   Code   RO           47    .text.mpuWrite      mpu_6050.o
    0x08000b88   0x08000b88   0x000000a2   Code   RO           33    .text.readI2c       i2c.o
    0x08000c2a   0x08000c2a   0x00000002   PAD
    0x08000c2c   0x08000c2c   0x00000020   Code   RO           23    .text.startI2c      i2c.o
    0x08000c4c   0x08000c4c   0x00000012   Code   RO           29    .text.stopI2c       i2c.o
    0x08000c5e   0x08000c5e   0x00000002   PAD
    0x08000c60   0x08000c60   0x0000001c   Code   RO           25    .text.writeI2c      i2c.o
    0x08000c7c   0x08000c7c   0x00000072   Code   RO          273    i.roundf            m_ws.l(roundf.o)
    0x08000cee   0x08000cee   0x00000002   PAD
    0x08000cf0   0x08000cf0   0x00000062   Code   RO          247    x$fpl$d2f           fz_ws.l(d2f.o)
    0x08000d52   0x08000d52   0x00000002   PAD
    0x08000d54   0x08000d54   0x00000150   Code   RO          249    x$fpl$dadd          fz_ws.l(daddsub_clz.o)
    0x08000ea4   0x08000ea4   0x000002b0   Code   RO          256    x$fpl$ddiv          fz_ws.l(ddiv.o)
    0x08001154   0x08001154   0x0000002e   Code   RO          260    x$fpl$dflt          fz_ws.l(dflt_clz.o)
    0x08001182   0x08001182   0x00000026   Code   RO          259    x$fpl$dfltu         fz_ws.l(dflt_clz.o)
    0x080011a8   0x080011a8   0x00000154   Code   RO          265    x$fpl$dmul          fz_ws.l(dmul.o)
    0x080012fc   0x080012fc   0x0000009c   Code   RO          276    x$fpl$dnaninf       fz_ws.l(dnaninf.o)
    0x08001398   0x08001398   0x0000000c   Code   RO          278    x$fpl$dretinf       fz_ws.l(dretinf.o)
    0x080013a4   0x080013a4   0x000001d4   Code   RO          251    x$fpl$dsub          fz_ws.l(daddsub_clz.o)
    0x08001578   0x08001578   0x00000056   Code   RO          267    x$fpl$f2d           fz_ws.l(f2d.o)
    0x080015ce   0x080015ce   0x00000002   PAD
    0x080015d0   0x080015d0   0x000000c4   Code   RO          280    x$fpl$fadd          fz_ws.l(faddsub_clz.o)
    0x08001694   0x08001694   0x00000036   Code   RO          269    x$fpl$ffix          fz_ws.l(ffix.o)
    0x080016ca   0x080016ca   0x0000008c   Code   RO          286    x$fpl$fnaninf       fz_ws.l(fnaninf.o)
    0x08001756   0x08001756   0x0000000a   Code   RO          288    x$fpl$fretinf       fz_ws.l(fretinf.o)
    0x08001760   0x08001760   0x00000060   Code   RO          290    x$fpl$frnd          fz_ws.l(frnd.o)
    0x080017c0   0x080017c0   0x000000ea   Code   RO          282    x$fpl$fsub          fz_ws.l(faddsub_clz.o)
    0x080018aa   0x080018aa   0x00000000   Code   RO          292    x$fpl$usenofp       fz_ws.l(usenofp.o)
    0x080018aa   0x080018aa   0x00000002   PAD
    0x080018ac   0x080018ac   0x00000010   Data   RO          452    Region$$Table       anon$$obj.o


    Execution Region ER_RW (Exec base: 0x20000000, Load base: 0x080018bc, Size: 0x00000000, Max: 0xffffffff, ABSOLUTE)

    **** No section assigned to this execution region ****


    Execution Region ER_ZI (Exec base: 0x20000000, Load base: 0x080018bc, Size: 0x000006a8, Max: 0xffffffff, ABSOLUTE)

    Exec Addr    Load Addr    Size         Type   Attr      Idx    E Section Name        Object

    0x20000000        -       0x00000060   Zero   RW          319    .bss                c_w.l(libspace.o)
    0x20000060        -       0x00000004   Zero   RW            8    .bss.Gx             main.o
    0x20000064        -       0x00000004   Zero   RW            9    .bss.Gy             main.o
    0x20000068        -       0x00000002   Zero   RW           60    .bss.Gyro_X_RAW     mpu_6050.o
    0x2000006a        -       0x00000002   Zero   RW           61    .bss.Gyro_Y_RAW     mpu_6050.o
    0x2000006c        -       0x00000002   Zero   RW           62    .bss.Gyro_Z_RAW     mpu_6050.o
    0x2000006e   0x080018bc   0x00000002   PAD
    0x20000070        -       0x00000004   Zero   RW           10    .bss.Gz             main.o
    0x20000074        -       0x00000004   Zero   RW            4    .bss.check          main.o
    0x20000078        -       0x00000006   Zero   RW           63    .bss.driffVal       mpu_6050.o
    0x2000007e        -       0x00000001   Zero   RW          116    .bss.i              interrupt.o
    0x2000007f        -       0x00000004   Zero   RW          128    .bss.rx_buff        interrupt.o
    0x20000083        -       0x00000001   Zero   RW          127    .bss.tx             interrupt.o
    0x20000084        -       0x00000002   Zero   RW          120    .bss.xA             interrupt.o
    0x20000086        -       0x00000002   Zero   RW           11    .bss.xAngle         main.o
    0x20000088        -       0x00000004   Zero   RW          121    .bss.xLastVal       interrupt.o
    0x2000008c        -       0x00000002   Zero   RW          118    .bss.xVal           interrupt.o
    0x2000008e        -       0x00000002   Zero   RW          123    .bss.yA             interrupt.o
    0x20000090        -       0x00000002   Zero   RW           12    .bss.yAngle         main.o
    0x20000092   0x080018bc   0x00000002   PAD
    0x20000094        -       0x00000004   Zero   RW          124    .bss.yLastVal       interrupt.o
    0x20000098        -       0x00000002   Zero   RW          122    .bss.yVal           interrupt.o
    0x2000009a        -       0x00000002   Zero   RW          117    .bss.z              interrupt.o
    0x2000009c        -       0x00000002   Zero   RW          125    .bss.zA             interrupt.o
    0x2000009e        -       0x00000002   Zero   RW           13    .bss.zAngle         main.o
    0x200000a0        -       0x00000004   Zero   RW          126    .bss.zLastVal       interrupt.o
    0x200000a4        -       0x00000002   Zero   RW          119    .bss.zVal           interrupt.o
    0x200000a6   0x080018bc   0x00000002   PAD
    0x200000a8        -       0x00000200   Zero   RW          213    HEAP                startup_stm32f10x_md.o
    0x200002a8        -       0x00000400   Zero   RW          212    STACK               startup_stm32f10x_md.o


==============================================================================

Image component sizes


      Code (inc. data)   RO Data    RW Data    ZI Data      Debug   Object Name

        48          0          0          0          0        302   config.o
       174          0          0          0          0       3259   flash.o
        72          0          0          0          0       1210   gpio.o
       350          0          0          0          0       2558   i2c.o
       608          0          0          0         32       2757   interrupt.o
         6          0          0          0         22        646   main.o
       786          0          0          0         12       4482   mpu_6050.o
       112          0          0          0          0       3416   nvic.o
        64         26        236          0       1536        792   startup_stm32f10x_md.o
       284          0          0          0          0       2720   system_stm32f10x.o
       140          0          0          0          0       1912   timer.o
        38          0          0          0          0       1307   uart.o

    ----------------------------------------------------------------------
      2708         26        252          0       1608      25361   Object Totals
         0          0         16          0          0          0   (incl. Generated)
        26          0          0          0          6          0   (incl. Padding)

    ----------------------------------------------------------------------

      Code (inc. data)   RO Data    RW Data    ZI Data      Debug   Library Member Name

         8          0          0          0          0         68   __main.o
         0          0          0          0          0          0   __rtentry.o
        12          0          0          0          0          0   __rtentry2.o
         6          0          0          0          0          0   __rtentry4.o
        52          8          0          0          0          0   __scatter.o
        28          0          0          0          0          0   __scatter_zi.o
        18          0          0          0          0         80   exit.o
         6          0          0          0          0        152   heapauxi.o
         0          0          0          0          0          0   indicate_semi.o
         2          0          0          0          0          0   libinit.o
         2          0          0          0          0          0   libinit2.o
         2          0          0          0          0          0   libshutdown.o
         2          0          0          0          0          0   libshutdown2.o
         8          4          0          0         96         68   libspace.o
         2          0          0          0          0          0   rtexit.o
        10          0          0          0          0          0   rtexit2.o
        12          4          0          0          0         68   sys_exit.o
        74          0          0          0          0         80   sys_stackheap_outer.o
         2          0          0          0          0         68   use_no_semi.o
        98          4          0          0          0         92   d2f.o
       804         16          0          0          0        280   daddsub_clz.o
       688        140          0          0          0        216   ddiv.o
        84          0          0          0          0        136   dflt_clz.o
       340         12          0          0          0        104   dmul.o
       156          4          0          0          0         92   dnaninf.o
        12          0          0          0          0         68   dretinf.o
        86          4          0          0          0         84   f2d.o
       430          8          0          0          0        168   faddsub_clz.o
        54          4          0          0          0         84   ffix.o
       140          4          0          0          0         84   fnaninf.o
        10          0          0          0          0         68   fretinf.o
        96          4          0          0          0         76   frnd.o
         0          0          0          0          0          0   usenofp.o
       114          0          0          0          0         80   roundf.o

    ----------------------------------------------------------------------
      3372        216          0          0         96       2216   Library Totals
        14          0          0          0          0          0   (incl. Padding)

    ----------------------------------------------------------------------

      Code (inc. data)   RO Data    RW Data    ZI Data      Debug   Library Name

       246         16          0          0         96        584   c_w.l
      2998        200          0          0          0       1552   fz_ws.l
       114          0          0          0          0         80   m_ws.l

    ----------------------------------------------------------------------
      3372        216          0          0         96       2216   Library Totals

    ----------------------------------------------------------------------

==============================================================================


      Code (inc. data)   RO Data    RW Data    ZI Data      Debug   

      6080        242        252          0       1704      26357   Grand Totals
      6080        242        252          0       1704      26357   ELF Image Totals
      6080        242        252          0          0          0   ROM Totals

==============================================================================

    Total RO  Size (Code + RO Data)                 6332 (   6.18kB)
    Total RW  Size (RW Data + ZI Data)              1704 (   1.66kB)
    Total ROM Size (Code + RO Data + RW Data)       6332 (   6.18kB)

==============================================================================

